\BOOKMARK [0][]{Doc-Start}{\376\377\000イ\000ン\000ト\000ロ\000ダ\000ク\000シ\000ョ\000ン}{}% 1
\BOOKMARK [0][]{chapter.1}{\376\377\000第\0001\000章\000\040\000C\000L\000I\000入\000門}{}% 2
\BOOKMARK [1][]{section.1.1}{\376\377\0001\000.\0001\000\040\000コ\000ン\000ピ\000ュ\000ー\000タ\000ー\000の\000歴\000史}{chapter.1}% 3
\BOOKMARK [1][]{section.1.2}{\376\377\0001\000.\0002\000\040\000G\000U\000I\000の\000歴\000史}{chapter.1}% 4
\BOOKMARK [1][]{section.1.3}{\376\377\0001\000.\0003\000\040\000C\000L\000I}{chapter.1}% 5
\BOOKMARK [1][]{section.1.4}{\376\377\0001\000.\0004\000\040\000C\000L\000I\000\040\000実\000践\000演\000習}{chapter.1}% 6
\BOOKMARK [0][]{chapter.2}{\376\377\000第\0002\000章\000\040\000デ\000ジ\000タ\000ル\000デ\000ー\000タ}{}% 7
\BOOKMARK [1][]{section.2.1}{\376\377\0002\000.\0001\000\040\000二\000進\000法}{chapter.2}% 8
\BOOKMARK [1][]{section.2.2}{\376\377\0002\000.\0002\000\040\000テ\000キ\000ス\000ト\000デ\000ー\000タ}{chapter.2}% 9
\BOOKMARK [1][]{section.2.3}{\376\377\0002\000.\0003\000\040\000画\000像\000デ\000ー\000タ}{chapter.2}% 10
\BOOKMARK [1][]{section.2.4}{\376\377\0002\000.\0004\000\040\000音\000声\000デ\000ー\000タ}{chapter.2}% 11
\BOOKMARK [1][]{section.2.5}{\376\377\0002\000.\0005\000\040\000実\000行\000フ\000ァ\000イ\000ル}{chapter.2}% 12
\BOOKMARK [1][]{section.2.6}{\376\377\0002\000.\0006\000\040\000デ\000ー\000タ\000の\000取\000扱\000い}{chapter.2}% 13
\BOOKMARK [0][]{chapter.3}{\376\377\000第\0003\000章\000\040\000コ\000ン\000ピ\000ュ\000ー\000タ\000の\000原\000理}{}% 14
\BOOKMARK [1][]{section.3.1}{\376\377\0003\000.\0001\000\040\000論\000理\000回\000路}{chapter.3}% 15
\BOOKMARK [1][]{section.3.2}{\376\377\0003\000.\0002\000\040\000フ\000リ\000ッ\000プ\000フ\000ロ\000ッ\000プ\000回\000路\000と\000メ\000モ\000リ}{chapter.3}% 16
\BOOKMARK [1][]{section.3.3}{\376\377\0003\000.\0003\000\040\000有\000限\000オ\000ー\000ト\000マ\000ト\000ン}{chapter.3}% 17
\BOOKMARK [1][]{section.3.4}{\376\377\0003\000.\0004\000\040\000チ\000ュ\000ー\000リ\000ン\000グ\000マ\000シ\000ン}{chapter.3}% 18
\BOOKMARK [1][]{section.3.5}{\376\377\0003\000.\0005\000\040\000ユ\000ニ\000バ\000ー\000サ\000ル\000チ\000ュ\000ー\000リ\000ン\000グ\000マ\000シ\000ン}{chapter.3}% 19
\BOOKMARK [0][]{chapter.4}{\376\377\000第\0004\000章\000\040\000イ\000ン\000タ\000ー\000ネ\000ッ\000ト}{}% 20
\BOOKMARK [1][]{section.4.1}{\376\377\0004\000.\0001\000\040\000イ\000ン\000タ\000ー\000ネ\000ッ\000ト\000の\000仕\000組\000み}{chapter.4}% 21
\BOOKMARK [2][]{subsection.4.1.1}{\376\377\0004\000.\0001\000.\0001\000\040\000コ\000ミ\000ュ\000ニ\000ケ\000ー\000シ\000ョ\000ン\000と\000メ\000デ\000ィ\000ア\000の\000歴\000史}{section.4.1}% 22
\BOOKMARK [2][]{subsection.4.1.2}{\376\377\0004\000.\0001\000.\0002\000\040\000イ\000ン\000タ\000ー\000ネ\000ッ\000ト\000の\000歴\000史}{section.4.1}% 23
\BOOKMARK [2][]{subsection.4.1.3}{\376\377\0004\000.\0001\000.\0003\000\040\000L\000A\000N\000や\000携\000帯\000電\000話}{section.4.1}% 24
\BOOKMARK [2][]{subsection.4.1.4}{\376\377\0004\000.\0001\000.\0004\000\040\000T\000C\000P\000/\000I\000P}{section.4.1}% 25
\BOOKMARK [2][]{subsection.4.1.5}{\376\377\0004\000.\0001\000.\0005\000\040\000U\000t\000i\000l\000i\000t\000i\000e\000s}{section.4.1}% 26
\BOOKMARK [1][]{section.4.2}{\376\377\0004\000.\0002\000\040\000W\000e\000b\000の\000仕\000組\000み}{chapter.4}% 27
\BOOKMARK [2][]{subsection.4.2.1}{\376\377\0004\000.\0002\000.\0001\000\040\000W\000e\000b\000の\000始\000ま\000り}{section.4.2}% 28
\BOOKMARK [2][]{subsection.4.2.2}{\376\377\0004\000.\0002\000.\0002\000\040\000W\000e\000b\000の\000発\000展}{section.4.2}% 29
\BOOKMARK [2][]{subsection.4.2.3}{\376\377\0004\000.\0002\000.\0003\000\040\000W\000e\000b\000の\000サ\000ー\000バ\000ー\000・\000ク\000ラ\000イ\000ア\000ン\000ト\000の\000演\000習}{section.4.2}% 30
\BOOKMARK [0][]{chapter.5}{\376\377\000第\0005\000章\000\040\000セ\000キ\000ュ\000リ\000テ\000ィ\000ー}{}% 31
\BOOKMARK [1][]{section.5.1}{\376\377\0005\000.\0001\000\040\000暗\000号\000の\000数\000理}{chapter.5}% 32
\BOOKMARK [2][]{subsection.5.1.1}{\376\377\0005\000.\0001\000.\0001\000\040\000Z\000の\000剰\000余\000類}{section.5.1}% 33
\BOOKMARK [2][]{subsection.5.1.2}{\376\377\0005\000.\0001\000.\0002\000\040\000公\000開\000鍵\000暗\000号\040\024\000R\000S\000A}{section.5.1}% 34
\BOOKMARK [2][]{subsection.5.1.3}{\376\377\0005\000.\0001\000.\0003\000\040\000デ\000ジ\000タ\000ル\000署\000名}{section.5.1}% 35
\BOOKMARK [2][]{subsection.5.1.4}{\376\377\0005\000.\0001\000.\0004\000\040\000認\000証\000局}{section.5.1}% 36
\BOOKMARK [2][]{subsection.5.1.5}{\376\377\0005\000.\0001\000.\0005\000\040\000暗\000号\000を\000実\000装\000す\000る\000プ\000ロ\000ト\000コ\000ル}{section.5.1}% 37
\BOOKMARK [1][]{section.5.2}{\376\377\0005\000.\0002\000\040\000セ\000キ\000ュ\000リ\000テ\000ィ\000ー\000マ\000ネ\000ー\000ジ\000メ\000ン\000ト}{chapter.5}% 38
\BOOKMARK [2][]{subsection.5.2.1}{\376\377\0005\000.\0002\000.\0001\000\040\000セ\000キ\000ュ\000リ\000テ\000ィ\000ー\000の\000基\000本\000概\000念}{section.5.2}% 39
\BOOKMARK [2][]{subsection.5.2.2}{\376\377\0005\000.\0002\000.\0002\000\040\000技\000術\000的\000脅\000威\000\040}{section.5.2}% 40
\BOOKMARK [2][]{subsection.5.2.3}{\376\377\0005\000.\0002\000.\0003\000\040\000技\000術\000的\000脅\000威\000へ\000の\000対\000応}{section.5.2}% 41
\BOOKMARK [2][]{subsection.5.2.4}{\376\377\0005\000.\0002\000.\0004\000\040\000人\000間\000的\000・\000物\000理\000的\000脅\000威\000と\000対\000応}{section.5.2}% 42
\BOOKMARK [0][]{chapter.6}{\376\377\000第\0006\000章\000\040\000情\000報\000・\000社\000会\000・\000A\000I\000・\000健\000康}{}% 43
\BOOKMARK [1][]{section.6.1}{\376\377\0006\000.\0001\000\040\000情\000報\000と\000は}{chapter.6}% 44
\BOOKMARK [1][]{section.6.2}{\376\377\0006\000.\0002\000\040\000情\000報\000社\000会\000と\000法\000律}{chapter.6}% 45
\BOOKMARK [1][]{section.6.3}{\376\377\0006\000.\0003\000\040\000A\000I\000の\000発\000達\000の\000歴\000史}{chapter.6}% 46
\BOOKMARK [1][]{section.6.4}{\376\377\0006\000.\0004\000\040\000情\000報\000社\000会\000と\000心\000と\000体\000の\000健\000康}{chapter.6}% 47
\BOOKMARK [2][]{subsection.6.4.1}{\376\377\0006\000.\0004\000.\0001\000\040\000デ\000ー\000タ}{section.6.4}% 48
\BOOKMARK [2][]{subsection.6.4.2}{\376\377\0006\000.\0004\000.\0002\000\040\000対\000策\000の\000前\000提\000と\000な\000る\000考\000え\000方}{section.6.4}% 49
\BOOKMARK [2][]{subsection.6.4.3}{\376\377\0006\000.\0004\000.\0003\000\040\000デ\000ジ\000タ\000ル\000デ\000ト\000ッ\000ク\000ス}{section.6.4}% 50
\BOOKMARK [0][]{appendix.A}{\376\377\000付\000録\000A\000\040\000E\000x\000c\000e\000l\000の\000関\000数\000と\000V\000B\000A}{}% 51
\BOOKMARK [1][]{section.A.1}{\376\377\000A\000.\0001\000\040\000E\000x\000c\000e\000l\000の\000関\000数\000と\000V\000B\000A}{appendix.A}% 52
\BOOKMARK [2][]{subsection.A.1.1}{\376\377\000A\000.\0001\000.\0001\000\040\000E\000x\000c\000e\000l\000\040\000の\000関\000数\000で\000の\000プ\000ロ\000グ\000ラ\000ミ\000ン\000グ}{section.A.1}% 53
\BOOKMARK [2][]{subsection.A.1.2}{\376\377\000A\000.\0001\000.\0002\000\040\000V\000B\000A\000で\000の\000プ\000ロ\000グ\000ラ\000ミ\000ン\000グ}{section.A.1}% 54
\BOOKMARK [2][]{subsection.A.1.3}{\376\377\000A\000.\0001\000.\0003\000\040\000関\000数\000に\000よ\000る\000デ\000ー\000タ\000分\000析}{section.A.1}% 55
\BOOKMARK [2][]{subsection.A.1.4}{\376\377\000A\000.\0001\000.\0004\000\040\000歴\000史\000と\000参\000考\000文\000献}{section.A.1}% 56
\BOOKMARK [0][]{appendix.B}{\376\377\000付\000録\000B\000\040\000T\000e\000X\000と\000M\000a\000r\000k\000d\000o\000w\000n}{}% 57
\BOOKMARK [1][]{section.B.1}{\376\377\000B\000.\0001\000\040\000T\000e\000X}{appendix.B}% 58
\BOOKMARK [2][]{subsection.B.1.1}{\376\377\000B\000.\0001\000.\0001\000\040\000T\000e\000X\000の\000イ\000ン\000ス\000ト\000ー\000ル}{section.B.1}% 59
\BOOKMARK [2][]{subsection.B.1.2}{\376\377\000B\000.\0001\000.\0002\000\040\000T\000e\000X\000の\000タ\000イ\000プ\000セ\000ッ\000ト}{section.B.1}% 60
\BOOKMARK [2][]{subsection.B.1.3}{\376\377\000B\000.\0001\000.\0003\000\040\000T\000e\000X\000の\000図\000式\000作\000成\000ソ\000フ\000ト}{section.B.1}% 61
\BOOKMARK [2][]{subsection.B.1.4}{\376\377\000B\000.\0001\000.\0004\000\040\000T\000e\000X\000の\000描\000画\000ソ\000フ\000ト}{section.B.1}% 62
\BOOKMARK [1][]{section.B.2}{\376\377\000B\000.\0002\000\040\000M\000a\000r\000k\000d\000o\000w\000n}{appendix.B}% 63
\BOOKMARK [0][]{appendix.C}{\376\377\000付\000録\000C\000\040\000J\000a\000v\000a\000S\000c\000r\000i\000p\000t\000\040\000と\000\040\000p\0005\000.\000j\000s}{}% 64
\BOOKMARK [1][]{section.C.1}{\376\377\000C\000.\0001\000\040\000\040\000p\0005\000.\000j\000s\000\040\000の\0002\000D\000ア\000プ\000リ}{appendix.C}% 65
\BOOKMARK [2][]{subsection.C.1.1}{\376\377\000C\000.\0001\000.\0001\000\040\000p\0005\000.\000j\000s}{section.C.1}% 66
\BOOKMARK [2][]{subsection.C.1.2}{\376\377\000C\000.\0001\000.\0002\000\040\000一\000般\000の\000J\000a\000v\000a\000S\000c\000r\000i\000p\000t\000の\000動\000か\000し\000方}{section.C.1}% 67
\BOOKMARK [2][]{subsection.C.1.3}{\376\377\000C\000.\0001\000.\0003\000\040\000J\000a\000v\000a\000S\000c\000r\000i\000p\000t\000の\000言\000語\000仕\000様}{section.C.1}% 68
\BOOKMARK [2][]{subsection.C.1.4}{\376\377\000C\000.\0001\000.\0004\000\040\0002\000D\000ア\000プ\000リ\000の\000ソ\000ー\000ス}{section.C.1}% 69
\BOOKMARK [2][]{subsection.C.1.5}{\376\377\000C\000.\0001\000.\0005\000\040\000p\0005\000.\000j\000s\000\040\000の\0002\000D\000モ\000ー\000ド\000の\000説\000明\000と\000ソ\000ー\000ス\000フ\000ァ\000イ\000ル\000の\000解\000説}{section.C.1}% 70
\BOOKMARK [1][]{section.C.2}{\376\377\000C\000.\0002\000\040\000\040\000p\0005\000.\000j\000s\000\040\000の\000\040\0003\000D\000-\000ア\000プ\000リ}{appendix.C}% 71
\BOOKMARK [2][]{subsection.C.2.1}{\376\377\000C\000.\0002\000.\0001\000\040\0003\000D\000ア\000プ\000リ\000の\000ソ\000ー\000ス}{section.C.2}% 72
\BOOKMARK [2][]{subsection.C.2.2}{\376\377\000C\000.\0002\000.\0002\000\040\000p\0005\000.\000j\000s\000\040\000の\0003\000D\000モ\000ー\000ド\000の\000説\000明\000と\000ソ\000ー\000ス\000フ\000ァ\000イ\000ル\000の\000解\000説}{section.C.2}% 73
\BOOKMARK [0][]{appendix.D}{\376\377\000付\000録\000D\000\040\000S\000h\000e\000l\000l\000と\000S\000h\000e\000l\000l\000\040\000S\000c\000r\000i\000p\000t\000\040\000入\000門}{}% 74
\BOOKMARK [1][]{section.D.1}{\376\377\000D\000.\0001\000\040\000標\000準\000入\000出\000力\000と\000パ\000イ\000プ}{appendix.D}% 75
\BOOKMARK [1][]{section.D.2}{\376\377\000D\000.\0002\000\040\000制\000御\000構\000文}{appendix.D}% 76
\BOOKMARK [1][]{section.D.3}{\376\377\000D\000.\0003\000\040\000S\000h\000e\000l\000l\000\040\000S\000c\000r\000i\000p\000t}{appendix.D}% 77
\BOOKMARK [0][]{appendix.E}{\376\377\000付\000録\000E\000\040\000G\000i\000t\000\040\000と\000\040\000G\000i\000t\000H\000u\000b}{}% 78
\BOOKMARK [1][]{section.E.1}{\376\377\000E\000.\0001\000\040\000バ\000ー\000ジ\000ョ\000ン\000管\000理\000の\000必\000要\000性}{appendix.E}% 79
\BOOKMARK [1][]{section.E.2}{\376\377\000E\000.\0002\000\040\000バ\000ー\000ジ\000ョ\000ン\000管\000理\000ツ\000ー\000ル\000の\000歴\000史}{appendix.E}% 80
\BOOKMARK [1][]{section.E.3}{\376\377\000E\000.\0003\000\040\000G\000i\000t\000の\000イ\000ン\000ス\000ト\000ー\000ル}{appendix.E}% 81
\BOOKMARK [1][]{section.E.4}{\376\377\000E\000.\0004\000\040\000G\000i\000t\000\040\000の\000最\000低\000限\000の\000基\000本\000操\000作}{appendix.E}% 82
\BOOKMARK [1][]{section.E.5}{\376\377\000E\000.\0005\000\040\000G\000i\000t\000\040\000の\000や\000や\000詳\000し\000い\000操\000作}{appendix.E}% 83
\BOOKMARK [1][]{section.E.6}{\376\377\000E\000.\0006\000\040\000G\000i\000t\000H\000u\000b}{appendix.E}% 84
\BOOKMARK [1][]{section.E.7}{\376\377\000E\000.\0007\000\040\000V\000S\000C\000o\000d\000e\000\040\000と\000\040\000G\000i\000t\000/\000G\000i\000t\000H\000u\000b}{appendix.E}% 85
\BOOKMARK [1][]{section.E.8}{\376\377\000E\000.\0008\000\040\000G\000i\000t\000H\000u\000b\000\040\000P\000a\000g\000e\000s}{appendix.E}% 86
\BOOKMARK [1][]{section.E.9}{\376\377\000E\000.\0009\000\040\000こ\000の\000先\000に}{appendix.E}% 87
