This is e-upTeX, Version 3.141592653-p4.1.2-u2.00-250202-2.6 (utf8.euc) (TeX Live 2025) (preloaded format=platex 2025.5.23)  21 SEP 2026 10:52
entering extended mode
 restricted \write18 enabled.
 %&-line parsing enabled.
**main.tex
(./main.tex
pLaTeX2e <2023-02-14>+1, based on
LaTeX2e <2024-11-01> patch level 2
L3 programming layer <2025-01-18>
(/usr/local/texlive/2025/texmf-dist/tex/latex/jlreq/jlreq.cls
Document Class: jlreq 2024/10/04 jlreq
(/usr/local/texlive/2025/texmf-dist/tex/latex/etoolbox/etoolbox.sty
Package: etoolbox 2025/02/11 v2.5l e-TeX tools for LaTeX (JAW)
\etb@tempcnta=\count195
) (/usr/local/texlive/2025/texmf-dist/tex/latex/jlreq/jlreq-helpers.sty
Package: jlreq-helpers 2024/02/13 jlreq-helpers
\jlreq@tempcnta=\count196
\jlreq@tempcntb=\count197
\jlreq@tempcntc=\count198
\jlreq@tempdima=\dimen157
\jlreq@tempdimb=\dimen158
\jlreq@tempdimc=\dimen159
\jlreq@tempskipa=\skip49
\jlreq@tempskipb=\skip50
\jlreq@tempskipc=\skip51
\jlreq@tempboxa=\box69
\jlreq@tempboxb=\box70
\jlreq@tempboxc=\box71
\jlreq@resultdimen=\dimen160
\jlreq@resultskip=\skip52
\jlreq@resultbox=\box72
\jlreq@resultcnt=\count199
\jlreq@reference@count=\count266
\jlreq@currentpage=\count267
)
\l__jlreq_tmpa_int=\count268
\l__jlreq_tmpb_int=\count269
\l__jlreq_tmpc_int=\count270
\l__jlreq_tmpa_dim=\dimen161
\l__jlreq_tmpb_dim=\dimen162
\l__jlreq_tmpc_dim=\dimen163
\l__jlreq_tmpa_skip=\skip53
\l__jlreq_tmpb_skip=\skip54
\l__jlreq_tmpc_skip=\skip55
\l__jlreq_tmpa_box=\box73
\l__jlreq_tmpb_box=\box74
\l__jlreq_tmpc_box=\box75
 jlreq guessed engine: platex (/usr/local/texlive/2025/texmf-dist/tex/latex/everyhook/everyhook.sty (/usr/local/texlive/2025/texmf-dist/tex/latex/svn-prov/svn-prov.sty
Package: svn-prov 2010/04/24 v3.1862 Package Date/Version from SVN Keywords
)
Package: everyhook 2014/11/26 v1.2 (SVN Rev: 12)\ Hooks for low level TeX everyX primitives.
\everypar=\toks18
\frozen@everymath=\toks19
\frozen@everydisplay=\toks20
\everyhbox=\toks21
\everyvbox=\toks22
\everycr=\toks23
)
\jlreq@current@linewidth=\dimen164
\jlreq@rest@linewidth=\dimen165
\jlreq@lastnodechar=\count271
\jlreq@fontsize=\dimen166
\jlreq@jafontsize=\dimen167
 (/usr/local/texlive/2025/texmf-dist/tex/latex/lm/lmodern.sty
Package: lmodern 2015/05/01 v1.6.1 Latin Modern Fonts
LaTeX Font Info:    Overwriting symbol font `operators' in version `normal'
(Font)                  OT1/cmr/m/n --> OT1/lmr/m/n on input line 22.
LaTeX Font Info:    Overwriting symbol font `letters' in version `normal'
(Font)                  OML/cmm/m/it --> OML/lmm/m/it on input line 23.
LaTeX Font Info:    Overwriting symbol font `symbols' in version `normal'
(Font)                  OMS/cmsy/m/n --> OMS/lmsy/m/n on input line 24.
LaTeX Font Info:    Overwriting symbol font `largesymbols' in version `normal'
(Font)                  OMX/cmex/m/n --> OMX/lmex/m/n on input line 25.
LaTeX Font Info:    Overwriting symbol font `operators' in version `bold'
(Font)                  OT1/cmr/bx/n --> OT1/lmr/bx/n on input line 26.
LaTeX Font Info:    Overwriting symbol font `letters' in version `bold'
(Font)                  OML/cmm/b/it --> OML/lmm/b/it on input line 27.
LaTeX Font Info:    Overwriting symbol font `symbols' in version `bold'
(Font)                  OMS/cmsy/b/n --> OMS/lmsy/b/n on input line 28.
LaTeX Font Info:    Overwriting symbol font `largesymbols' in version `bold'
(Font)                  OMX/cmex/m/n --> OMX/lmex/m/n on input line 29.
LaTeX Font Info:    Overwriting math alphabet `\mathbf' in version `normal'
(Font)                  OT1/cmr/bx/n --> OT1/lmr/bx/n on input line 31.
LaTeX Font Info:    Overwriting math alphabet `\mathsf' in version `normal'
(Font)                  OT1/cmss/m/n --> OT1/lmss/m/n on input line 32.
LaTeX Font Info:    Overwriting math alphabet `\mathit' in version `normal'
(Font)                  OT1/cmr/m/it --> OT1/lmr/m/it on input line 33.
LaTeX Font Info:    Overwriting math alphabet `\mathtt' in version `normal'
(Font)                  OT1/cmtt/m/n --> OT1/lmtt/m/n on input line 34.
LaTeX Font Info:    Overwriting math alphabet `\mathbf' in version `bold'
(Font)                  OT1/cmr/bx/n --> OT1/lmr/bx/n on input line 35.
LaTeX Font Info:    Overwriting math alphabet `\mathsf' in version `bold'
(Font)                  OT1/cmss/bx/n --> OT1/lmss/bx/n on input line 36.
LaTeX Font Info:    Overwriting math alphabet `\mathit' in version `bold'
(Font)                  OT1/cmr/bx/it --> OT1/lmr/bx/it on input line 37.
LaTeX Font Info:    Overwriting math alphabet `\mathtt' in version `bold'
(Font)                  OT1/cmtt/m/n --> OT1/lmtt/m/n on input line 38.
)
\symmincho=\mathgroup4
LaTeX Font Info:    Overwriting symbol font `mincho' in version `bold'
(Font)                  JY1/mc/m/n --> JY1/gt/m/n on input line 1135.
LaTeX Font Info:    Font shape `JT1/mc/m/n' will be
(Font)              scaled to size 11.0pt on input line 1203.
LaTeX Font Info:    Font shape `JY1/mc/m/n' will be
(Font)              scaled to size 11.0pt on input line 1203.
\jlreq@omotekeiwidth=\dimen168
\jlreq@chuubusokeiwidth=\dimen169
\jlreq@urakeiwidth=\dimen170
\jlreq@sidenote@length=\dimen171
\jlreq@sidenote@sep=\dimen172
LaTeX Font Info:    Font shape `JT1/mc/m/n' will be
(Font)              scaled to size 8.80003pt on input line 1412.
LaTeX Font Info:    Font shape `JY1/mc/m/n' will be
(Font)              scaled to size 8.80003pt on input line 1412.
\jlreq@BlockHeading@start@label@box=\box76
\jlreq@BlockHeading@spaces@current@count=\count272
\c@part=\count273
\c@chapter=\count274
\c@section=\count275
\c@subsection=\count276
\c@subsubsection=\count277
\c@paragraph=\count278
\c@subparagraph=\count279
\jlreq@endnote@prepostspace=\dimen173
\jlreq@endnote@indent=\dimen174
\jlreq@PageStyle@box=\box77
\abovecaptionskip=\skip56
\belowcaptionskip=\skip57
\c@figure=\count280
\c@table=\count281
\toclineskip=\skip58
\@lnumwidth=\dimen175
\jlreq@top@contents=\count282
LaTeX Font Info:    Font shape `JT1/mc/m/n' will be
(Font)              scaled to size 9.89993pt on input line 6462.
LaTeX Font Info:    Font shape `JY1/mc/m/n' will be
(Font)              scaled to size 9.89993pt on input line 6462.
 (/usr/local/texlive/2025/texmf-dist/tex/latex/jlreq/jlreq-complements.sty
Package: jlreq-complements 2024/08/23 jlreq-complements
 (/usr/local/texlive/2025/texmf-dist/tex/latex/filehook/filehook.sty
Package: filehook 2022/10/25 v0.8b Hooks for input files
 (/usr/local/texlive/2025/texmf-dist/tex/latex/filehook/filehook-2020.sty
Package: filehook-2020 2022/10/25 v0.8b Hooks for input files
)))) (/usr/local/texlive/2025/texmf-dist/tex/latex/graphics/graphicx.sty
Package: graphicx 2021/09/16 v1.2d Enhanced LaTeX Graphics (DPC,SPQR)
 (/usr/local/texlive/2025/texmf-dist/tex/latex/graphics/keyval.sty
Package: keyval 2022/05/29 v1.15 key=value parser (DPC)
\KV@toks@=\toks24
) (/usr/local/texlive/2025/texmf-dist/tex/latex/graphics/graphics.sty
Package: graphics 2024/08/06 v1.4g Standard LaTeX Graphics (DPC,SPQR)
 (/usr/local/texlive/2025/texmf-dist/tex/latex/graphics/trig.sty
Package: trig 2023/12/02 v1.11 sin cos tan (DPC)
) (/usr/local/texlive/2025/texmf-dist/tex/latex/graphics-cfg/graphics.cfg
File: graphics.cfg 2016/06/04 v1.11 sample graphics configuration
)
Package graphics Info: Driver file: dvipdfmx.def on input line 106.
 (/usr/local/texlive/2025/texmf-dist/tex/latex/graphics-def/dvipdfmx.def
File: dvipdfmx.def 2022/09/22 v5.0m Graphics/color driver for dvipdfmx
))
\Gin@req@height=\dimen176
\Gin@req@width=\dimen177
) (/usr/local/texlive/2025/texmf-dist/tex/latex/xcolor/xcolor.sty
Package: xcolor 2024/09/29 v3.02 LaTeX color extensions (UK)
 (/usr/local/texlive/2025/texmf-dist/tex/latex/graphics-cfg/color.cfg
File: color.cfg 2016/01/02 v1.6 sample color configuration
)
Package xcolor Info: Driver file: dvipdfmx.def on input line 274.
 (/usr/local/texlive/2025/texmf-dist/tex/latex/graphics/mathcolor.ltx)
Package xcolor Info: Model `cmy' substituted by `cmy0' on input line 1349.
Package xcolor Info: Model `RGB' extended on input line 1365.
Package xcolor Info: Model `HTML' substituted by `rgb' on input line 1367.
Package xcolor Info: Model `Hsb' substituted by `hsb' on input line 1368.
Package xcolor Info: Model `tHsb' substituted by `hsb' on input line 1369.
Package xcolor Info: Model `HSB' substituted by `hsb' on input line 1370.
Package xcolor Info: Model `Gray' substituted by `gray' on input line 1371.
Package xcolor Info: Model `wave' substituted by `hsb' on input line 1372.
) (/usr/local/texlive/2025/texmf-dist/tex/latex/hyperref/hyperref.sty
Package: hyperref 2024-11-05 v7.01l Hypertext links for LaTeX
 (/usr/local/texlive/2025/texmf-dist/tex/generic/iftex/iftex.sty
Package: iftex 2024/12/12 v1.0g TeX engine tests
) (/usr/local/texlive/2025/texmf-dist/tex/latex/kvsetkeys/kvsetkeys.sty
Package: kvsetkeys 2022-10-05 v1.19 Key value parser (HO)
) (/usr/local/texlive/2025/texmf-dist/tex/generic/kvdefinekeys/kvdefinekeys.sty
Package: kvdefinekeys 2019-12-19 v1.6 Define keys (HO)
) (/usr/local/texlive/2025/texmf-dist/tex/generic/pdfescape/pdfescape.sty
Package: pdfescape 2019/12/09 v1.15 Implements pdfTeX's escape features (HO)
 (/usr/local/texlive/2025/texmf-dist/tex/generic/ltxcmds/ltxcmds.sty
Package: ltxcmds 2023-12-04 v1.26 LaTeX kernel commands for general use (HO)
) (/usr/local/texlive/2025/texmf-dist/tex/generic/pdftexcmds/pdftexcmds.sty
Package: pdftexcmds 2020-06-27 v0.33 Utility functions of pdfTeX for LuaTeX (HO)
 (/usr/local/texlive/2025/texmf-dist/tex/generic/infwarerr/infwarerr.sty
Package: infwarerr 2019/12/03 v1.5 Providing info/warning/error messages (HO)
)
Package pdftexcmds Info: \pdf@primitive is available.
Package pdftexcmds Info: \pdf@ifprimitive is available.
Package pdftexcmds Info: \pdfdraftmode not found.
)) (/usr/local/texlive/2025/texmf-dist/tex/latex/hycolor/hycolor.sty
Package: hycolor 2020-01-27 v1.10 Color options for hyperref/bookmark (HO)
) (/usr/local/texlive/2025/texmf-dist/tex/latex/hyperref/nameref.sty
Package: nameref 2023-11-26 v2.56 Cross-referencing by name of section
 (/usr/local/texlive/2025/texmf-dist/tex/latex/refcount/refcount.sty
Package: refcount 2019/12/15 v3.6 Data extraction from label references (HO)
) (/usr/local/texlive/2025/texmf-dist/tex/generic/gettitlestring/gettitlestring.sty
Package: gettitlestring 2019/12/15 v1.6 Cleanup title references (HO)
 (/usr/local/texlive/2025/texmf-dist/tex/latex/kvoptions/kvoptions.sty
Package: kvoptions 2022-06-15 v3.15 Key value format for package options (HO)
))
\c@section@level=\count283
) (/usr/local/texlive/2025/texmf-dist/tex/generic/stringenc/stringenc.sty
Package: stringenc 2019/11/29 v1.12 Convert strings between diff. encodings (HO)
)
\@linkdim=\dimen178
\Hy@linkcounter=\count284
\Hy@pagecounter=\count285
 (/usr/local/texlive/2025/texmf-dist/tex/latex/hyperref/pd1enc.def
File: pd1enc.def 2024-11-05 v7.01l Hyperref: PDFDocEncoding definition (HO)
Now handling font encoding PD1 ...
... no UTF-8 mapping file for font encoding PD1
) (/usr/local/texlive/2025/texmf-dist/tex/generic/intcalc/intcalc.sty
Package: intcalc 2019/12/15 v1.3 Expandable calculations with integers (HO)
)
\Hy@SavedSpaceFactor=\count286
 (/usr/local/texlive/2025/texmf-dist/tex/latex/hyperref/puenc.def
File: puenc.def 2024-11-05 v7.01l Hyperref: PDF Unicode definition (HO)
Now handling font encoding PU ...
... no UTF-8 mapping file for font encoding PU
)
Package hyperref Info: Hyper figures OFF on input line 4157.
Package hyperref Info: Link nesting OFF on input line 4162.
Package hyperref Info: Hyper index ON on input line 4165.
Package hyperref Info: Plain pages OFF on input line 4172.
Package hyperref Info: Backreferencing OFF on input line 4177.
Package hyperref Info: Implicit mode ON; LaTeX internals redefined.
Package hyperref Info: Bookmarks ON on input line 4424.
\c@Hy@tempcnt=\count287
 (/usr/local/texlive/2025/texmf-dist/tex/latex/url/url.sty
\Urlmuskip=\muskip17
Package: url 2013/09/16  ver 3.4  Verb mode for urls, etc.
)
LaTeX Info: Redefining \url on input line 4763.
\XeTeXLinkMargin=\dimen179
 (/usr/local/texlive/2025/texmf-dist/tex/generic/bitset/bitset.sty
Package: bitset 2019/12/09 v1.3 Handle bit-vector datatype (HO)
 (/usr/local/texlive/2025/texmf-dist/tex/generic/bigintcalc/bigintcalc.sty
Package: bigintcalc 2019/12/15 v1.5 Expandable calculations on big integers (HO)
))
\Fld@menulength=\count288
\Field@Width=\dimen180
\Fld@charsize=\dimen181
Package hyperref Info: Hyper figures OFF on input line 6042.
Package hyperref Info: Link nesting OFF on input line 6047.
Package hyperref Info: Hyper index ON on input line 6050.
Package hyperref Info: backreferencing OFF on input line 6057.
Package hyperref Info: Link coloring OFF on input line 6062.
Package hyperref Info: Link coloring with OCG OFF on input line 6067.
Package hyperref Info: PDF/A mode OFF on input line 6072.
 (/usr/local/texlive/2025/texmf-dist/tex/latex/base/atbegshi-ltx.sty
Package: atbegshi-ltx 2021/01/10 v1.0c Emulation of the original atbegshi
package with kernel methods
)
\Hy@abspage=\count289
\c@Item=\count290
\c@Hfootnote=\count291
)
Package hyperref Info: Driver: hdvipdfm.
 (/usr/local/texlive/2025/texmf-dist/tex/latex/hyperref/hdvipdfm.def
File: hdvipdfm.def 2024-11-05 v7.01l Hyperref driver for dvipdfm
\pdfm@box=\box78
\c@Hy@AnnotLevel=\count292
\HyField@AnnotCount=\count293
\Fld@listcount=\count294
\c@bookmark@seq@number=\count295
 (/usr/local/texlive/2025/texmf-dist/tex/latex/rerunfilecheck/rerunfilecheck.sty
Package: rerunfilecheck 2022-07-10 v1.10 Rerun checks for auxiliary files (HO)
 (/usr/local/texlive/2025/texmf-dist/tex/latex/base/atveryend-ltx.sty
Package: atveryend-ltx 2020/08/19 v1.0a Emulation of the original atveryend package
with kernel methods
) (/usr/local/texlive/2025/texmf-dist/tex/generic/uniquecounter/uniquecounter.sty
Package: uniquecounter 2019/12/15 v1.4 Provide unlimited unique counter (HO)
)
Package uniquecounter Info: New unique counter `rerunfilecheck' on input line 285.
)
\Hy@SectionHShift=\skip59
) (/usr/local/texlive/2025/texmf-dist/tex/latex/float/float.sty
Package: float 2001/11/08 v1.3d Float enhancements (AL)
\c@float@type=\count296
\float@exts=\toks25
\float@box=\box79
\@float@everytoks=\toks26
\@floatcapt=\box80
) (/usr/local/texlive/2025/texmf-dist/tex/latex/amsmath/amsmath.sty
Package: amsmath 2024/11/05 v2.17t AMS math features
\@mathmargin=\skip60

For additional information on amsmath, use the `?' option.
(/usr/local/texlive/2025/texmf-dist/tex/latex/amsmath/amstext.sty
Package: amstext 2021/08/26 v2.01 AMS text
 (/usr/local/texlive/2025/texmf-dist/tex/latex/amsmath/amsgen.sty
File: amsgen.sty 1999/11/30 v2.0 generic functions
\@emptytoks=\toks27
\ex@=\dimen182
)) (/usr/local/texlive/2025/texmf-dist/tex/latex/amsmath/amsbsy.sty
Package: amsbsy 1999/11/29 v1.2d Bold Symbols
\pmbraise@=\dimen183
) (/usr/local/texlive/2025/texmf-dist/tex/latex/amsmath/amsopn.sty
Package: amsopn 2022/04/08 v2.04 operator names
)
\inf@bad=\count297
LaTeX Info: Redefining \frac on input line 233.
\uproot@=\count298
\leftroot@=\count299
LaTeX Info: Redefining \overline on input line 398.
LaTeX Info: Redefining \colon on input line 409.
\classnum@=\count300
\DOTSCASE@=\count301
LaTeX Info: Redefining \ldots on input line 495.
LaTeX Info: Redefining \dots on input line 498.
LaTeX Info: Redefining \cdots on input line 619.
\Mathstrutbox@=\box81
\strutbox@=\box82
LaTeX Info: Redefining \big on input line 721.
LaTeX Info: Redefining \Big on input line 722.
LaTeX Info: Redefining \bigg on input line 723.
LaTeX Info: Redefining \Bigg on input line 724.
\big@size=\dimen184
LaTeX Font Info:    Redeclaring font encoding OML on input line 742.
LaTeX Font Info:    Redeclaring font encoding OMS on input line 743.
\macc@depth=\count302
LaTeX Info: Redefining \bmod on input line 904.
LaTeX Info: Redefining \pmod on input line 909.
LaTeX Info: Redefining \smash on input line 939.
LaTeX Info: Redefining \relbar on input line 969.
LaTeX Info: Redefining \Relbar on input line 970.
\c@MaxMatrixCols=\count303
\dotsspace@=\muskip18
\c@parentequation=\count304
\dspbrk@lvl=\count305
\tag@help=\toks28
\row@=\count306
\column@=\count307
\maxfields@=\count308
\andhelp@=\toks29
\eqnshift@=\dimen185
\alignsep@=\dimen186
\tagshift@=\dimen187
\tagwidth@=\dimen188
\totwidth@=\dimen189
\lineht@=\dimen190
\@envbody=\toks30
\multlinegap=\skip61
\multlinetaggap=\skip62
\mathdisplay@stack=\toks31
LaTeX Info: Redefining \[ on input line 2953.
LaTeX Info: Redefining \] on input line 2954.
) (/usr/local/texlive/2025/texmf-dist/tex/latex/amscls/amsthm.sty
Package: amsthm 2020/05/29 v2.20.6
\thm@style=\toks32
\thm@bodyfont=\toks33
\thm@headfont=\toks34
\thm@notefont=\toks35
\thm@headpunct=\toks36
\thm@preskip=\skip63
\thm@postskip=\skip64
\thm@headsep=\skip65
\dth@everypar=\toks37
) (/usr/local/texlive/2025/texmf-dist/tex/latex/tools/verbatim.sty
Package: verbatim 2024-01-22 v1.5x LaTeX2e package for verbatim enhancements
\every@verbatim=\toks38
\verbatim@line=\toks39
\verbatim@in@stream=\read2
) (/usr/local/texlive/2025/texmf-dist/tex/latex/base/latexsym.sty
Package: latexsym 1998/08/17 v2.2e Standard LaTeX package (lasy symbols)
\symlasy=\mathgroup5
LaTeX Font Info:    Overwriting symbol font `lasy' in version `bold'
(Font)                  U/lasy/m/n --> U/lasy/b/n on input line 52.
) (/usr/local/texlive/2025/texmf-dist/tex/latex/amsfonts/amssymb.sty
Package: amssymb 2013/01/14 v3.01 AMS font symbols
 (/usr/local/texlive/2025/texmf-dist/tex/latex/amsfonts/amsfonts.sty
Package: amsfonts 2013/01/14 v3.01 Basic AMSFonts support
\symAMSa=\mathgroup6
\symAMSb=\mathgroup7
LaTeX Font Info:    Redeclaring math symbol \hbar on input line 98.
LaTeX Font Info:    Overwriting math alphabet `\mathfrak' in version `bold'
(Font)                  U/euf/m/n --> U/euf/b/n on input line 106.
)) (/usr/local/texlive/2025/texmf-dist/tex/latex/dynkin-diagrams/dynkin-diagrams.sty
Package: dynkin-diagrams 2024/12/04 Dynkin diagrams
 (/usr/local/texlive/2025/texmf-dist/tex/latex/pgf/frontendlayer/tikz.sty (/usr/local/texlive/2025/texmf-dist/tex/latex/pgf/basiclayer/pgf.sty (/usr/local/texlive/2025/texmf-dist/tex/latex/pgf/utilities/pgfrcs.sty (/usr/local/texlive/2025/texmf-dist/tex/generic/pgf/utilities/pgfutil-common.tex
\pgfutil@everybye=\toks40
\pgfutil@tempdima=\dimen191
\pgfutil@tempdimb=\dimen192
) (/usr/local/texlive/2025/texmf-dist/tex/generic/pgf/utilities/pgfutil-latex.def
\pgfutil@abb=\box83
) (/usr/local/texlive/2025/texmf-dist/tex/generic/pgf/utilities/pgfrcs.code.tex (/usr/local/texlive/2025/texmf-dist/tex/generic/pgf/pgf.revision.tex)
Package: pgfrcs 2023-01-15 v3.1.10 (3.1.10)
))
Package: pgf 2023-01-15 v3.1.10 (3.1.10)
 (/usr/local/texlive/2025/texmf-dist/tex/latex/pgf/basiclayer/pgfcore.sty (/usr/local/texlive/2025/texmf-dist/tex/latex/pgf/systemlayer/pgfsys.sty (/usr/local/texlive/2025/texmf-dist/tex/generic/pgf/systemlayer/pgfsys.code.tex
Package: pgfsys 2023-01-15 v3.1.10 (3.1.10)
 (/usr/local/texlive/2025/texmf-dist/tex/generic/pgf/utilities/pgfkeys.code.tex
\pgfkeys@pathtoks=\toks41
\pgfkeys@temptoks=\toks42
 (/usr/local/texlive/2025/texmf-dist/tex/generic/pgf/utilities/pgfkeyslibraryfiltered.code.tex
\pgfkeys@tmptoks=\toks43
))
\pgf@x=\dimen193
\pgf@y=\dimen194
\pgf@xa=\dimen195
\pgf@ya=\dimen196
\pgf@xb=\dimen197
\pgf@yb=\dimen198
\pgf@xc=\dimen199
\pgf@yc=\dimen256
\pgf@xd=\dimen257
\pgf@yd=\dimen258
\w@pgf@writea=\write3
\r@pgf@reada=\read3
\c@pgf@counta=\count309
\c@pgf@countb=\count310
\c@pgf@countc=\count311
\c@pgf@countd=\count312
\t@pgf@toka=\toks44
\t@pgf@tokb=\toks45
\t@pgf@tokc=\toks46
\pgf@sys@id@count=\count313
 (/usr/local/texlive/2025/texmf-dist/tex/generic/pgf/systemlayer/pgf.cfg
File: pgf.cfg 2023-01-15 v3.1.10 (3.1.10)
)
Driver file for pgf: pgfsys-dvipdfmx.def
 (/usr/local/texlive/2025/texmf-dist/tex/generic/pgf/systemlayer/pgfsys-dvipdfmx.def
File: pgfsys-dvipdfmx.def 2023-01-15 v3.1.10 (3.1.10)
 (/usr/local/texlive/2025/texmf-dist/tex/generic/pgf/systemlayer/pgfsys-common-pdf.def
File: pgfsys-common-pdf.def 2023-01-15 v3.1.10 (3.1.10)
)
\pgfsys@objnum=\count314
)) (/usr/local/texlive/2025/texmf-dist/tex/generic/pgf/systemlayer/pgfsyssoftpath.code.tex
File: pgfsyssoftpath.code.tex 2023-01-15 v3.1.10 (3.1.10)
\pgfsyssoftpath@smallbuffer@items=\count315
\pgfsyssoftpath@bigbuffer@items=\count316
) (/usr/local/texlive/2025/texmf-dist/tex/generic/pgf/systemlayer/pgfsysprotocol.code.tex
File: pgfsysprotocol.code.tex 2023-01-15 v3.1.10 (3.1.10)
)) (/usr/local/texlive/2025/texmf-dist/tex/generic/pgf/basiclayer/pgfcore.code.tex
Package: pgfcore 2023-01-15 v3.1.10 (3.1.10)
 (/usr/local/texlive/2025/texmf-dist/tex/generic/pgf/math/pgfmath.code.tex (/usr/local/texlive/2025/texmf-dist/tex/generic/pgf/math/pgfmathutil.code.tex) (/usr/local/texlive/2025/texmf-dist/tex/generic/pgf/math/pgfmathparser.code.tex
\pgfmath@dimen=\dimen259
\pgfmath@count=\count317
\pgfmath@box=\box84
\pgfmath@toks=\toks47
\pgfmath@stack@operand=\toks48
\pgfmath@stack@operation=\toks49
) (/usr/local/texlive/2025/texmf-dist/tex/generic/pgf/math/pgfmathfunctions.code.tex) (/usr/local/texlive/2025/texmf-dist/tex/generic/pgf/math/pgfmathfunctions.basic.code.tex) (/usr/local/texlive/2025/texmf-dist/tex/generic/pgf/math/pgfmathfunctions.trigonometric.code.tex) (/usr/local/texlive/2025/texmf-dist/tex/generic/pgf/math/pgfmathfunctions.random.code.tex) (/usr/local/texlive/2025/texmf-dist/tex/generic/pgf/math/pgfmathfunctions.comparison.code.tex) (/usr/local/texlive/2025/texmf-dist/tex/generic/pgf/math/pgfmathfunctions.base.code.tex) (/usr/local/texlive/2025/texmf-dist/tex/generic/pgf/math/pgfmathfunctions.round.code.tex) (/usr/local/texlive/2025/texmf-dist/tex/generic/pgf/math/pgfmathfunctions.misc.code.tex) (/usr/local/texlive/2025/texmf-dist/tex/generic/pgf/math/pgfmathfunctions.integerarithmetics.code.tex) (/usr/local/texlive/2025/texmf-dist/tex/generic/pgf/math/pgfmathcalc.code.tex) (/usr/local/texlive/2025/texmf-dist/tex/generic/pgf/math/pgfmathfloat.code.tex
\c@pgfmathroundto@lastzeros=\count318
)) (/usr/local/texlive/2025/texmf-dist/tex/generic/pgf/math/pgfint.code.tex) (/usr/local/texlive/2025/texmf-dist/tex/generic/pgf/basiclayer/pgfcorepoints.code.tex
File: pgfcorepoints.code.tex 2023-01-15 v3.1.10 (3.1.10)
\pgf@picminx=\dimen260
\pgf@picmaxx=\dimen261
\pgf@picminy=\dimen262
\pgf@picmaxy=\dimen263
\pgf@pathminx=\dimen264
\pgf@pathmaxx=\dimen265
\pgf@pathminy=\dimen266
\pgf@pathmaxy=\dimen267
\pgf@xx=\dimen268
\pgf@xy=\dimen269
\pgf@yx=\dimen270
\pgf@yy=\dimen271
\pgf@zx=\dimen272
\pgf@zy=\dimen273
) (/usr/local/texlive/2025/texmf-dist/tex/generic/pgf/basiclayer/pgfcorepathconstruct.code.tex
File: pgfcorepathconstruct.code.tex 2023-01-15 v3.1.10 (3.1.10)
\pgf@path@lastx=\dimen274
\pgf@path@lasty=\dimen275
) (/usr/local/texlive/2025/texmf-dist/tex/generic/pgf/basiclayer/pgfcorepathusage.code.tex
File: pgfcorepathusage.code.tex 2023-01-15 v3.1.10 (3.1.10)
\pgf@shorten@end@additional=\dimen276
\pgf@shorten@start@additional=\dimen277
) (/usr/local/texlive/2025/texmf-dist/tex/generic/pgf/basiclayer/pgfcorescopes.code.tex
File: pgfcorescopes.code.tex 2023-01-15 v3.1.10 (3.1.10)
\pgfpic=\box85
\pgf@hbox=\box86
\pgf@layerbox@main=\box87
\pgf@picture@serial@count=\count319
) (/usr/local/texlive/2025/texmf-dist/tex/generic/pgf/basiclayer/pgfcoregraphicstate.code.tex
File: pgfcoregraphicstate.code.tex 2023-01-15 v3.1.10 (3.1.10)
\pgflinewidth=\dimen278
) (/usr/local/texlive/2025/texmf-dist/tex/generic/pgf/basiclayer/pgfcoretransformations.code.tex
File: pgfcoretransformations.code.tex 2023-01-15 v3.1.10 (3.1.10)
\pgf@pt@x=\dimen279
\pgf@pt@y=\dimen280
\pgf@pt@temp=\dimen281
) (/usr/local/texlive/2025/texmf-dist/tex/generic/pgf/basiclayer/pgfcorequick.code.tex
File: pgfcorequick.code.tex 2023-01-15 v3.1.10 (3.1.10)
) (/usr/local/texlive/2025/texmf-dist/tex/generic/pgf/basiclayer/pgfcoreobjects.code.tex
File: pgfcoreobjects.code.tex 2023-01-15 v3.1.10 (3.1.10)
) (/usr/local/texlive/2025/texmf-dist/tex/generic/pgf/basiclayer/pgfcorepathprocessing.code.tex
File: pgfcorepathprocessing.code.tex 2023-01-15 v3.1.10 (3.1.10)
) (/usr/local/texlive/2025/texmf-dist/tex/generic/pgf/basiclayer/pgfcorearrows.code.tex
File: pgfcorearrows.code.tex 2023-01-15 v3.1.10 (3.1.10)
\pgfarrowsep=\dimen282
) (/usr/local/texlive/2025/texmf-dist/tex/generic/pgf/basiclayer/pgfcoreshade.code.tex
File: pgfcoreshade.code.tex 2023-01-15 v3.1.10 (3.1.10)
\pgf@max=\dimen283
\pgf@sys@shading@range@num=\count320
\pgf@shadingcount=\count321
) (/usr/local/texlive/2025/texmf-dist/tex/generic/pgf/basiclayer/pgfcoreimage.code.tex
File: pgfcoreimage.code.tex 2023-01-15 v3.1.10 (3.1.10)
) (/usr/local/texlive/2025/texmf-dist/tex/generic/pgf/basiclayer/pgfcoreexternal.code.tex
File: pgfcoreexternal.code.tex 2023-01-15 v3.1.10 (3.1.10)
\pgfexternal@startupbox=\box88
) (/usr/local/texlive/2025/texmf-dist/tex/generic/pgf/basiclayer/pgfcorelayers.code.tex
File: pgfcorelayers.code.tex 2023-01-15 v3.1.10 (3.1.10)
) (/usr/local/texlive/2025/texmf-dist/tex/generic/pgf/basiclayer/pgfcoretransparency.code.tex
File: pgfcoretransparency.code.tex 2023-01-15 v3.1.10 (3.1.10)
) (/usr/local/texlive/2025/texmf-dist/tex/generic/pgf/basiclayer/pgfcorepatterns.code.tex
File: pgfcorepatterns.code.tex 2023-01-15 v3.1.10 (3.1.10)
) (/usr/local/texlive/2025/texmf-dist/tex/generic/pgf/basiclayer/pgfcorerdf.code.tex
File: pgfcorerdf.code.tex 2023-01-15 v3.1.10 (3.1.10)
))) (/usr/local/texlive/2025/texmf-dist/tex/generic/pgf/modules/pgfmoduleshapes.code.tex
File: pgfmoduleshapes.code.tex 2023-01-15 v3.1.10 (3.1.10)
\pgfnodeparttextbox=\box89
) (/usr/local/texlive/2025/texmf-dist/tex/generic/pgf/modules/pgfmoduleplot.code.tex
File: pgfmoduleplot.code.tex 2023-01-15 v3.1.10 (3.1.10)
) (/usr/local/texlive/2025/texmf-dist/tex/latex/pgf/compatibility/pgfcomp-version-0-65.sty
Package: pgfcomp-version-0-65 2023-01-15 v3.1.10 (3.1.10)
\pgf@nodesepstart=\dimen284
\pgf@nodesepend=\dimen285
) (/usr/local/texlive/2025/texmf-dist/tex/latex/pgf/compatibility/pgfcomp-version-1-18.sty
Package: pgfcomp-version-1-18 2023-01-15 v3.1.10 (3.1.10)
)) (/usr/local/texlive/2025/texmf-dist/tex/latex/pgf/utilities/pgffor.sty (/usr/local/texlive/2025/texmf-dist/tex/latex/pgf/utilities/pgfkeys.sty (/usr/local/texlive/2025/texmf-dist/tex/generic/pgf/utilities/pgfkeys.code.tex)) (/usr/local/texlive/2025/texmf-dist/tex/latex/pgf/math/pgfmath.sty (/usr/local/texlive/2025/texmf-dist/tex/generic/pgf/math/pgfmath.code.tex)) (/usr/local/texlive/2025/texmf-dist/tex/generic/pgf/utilities/pgffor.code.tex
Package: pgffor 2023-01-15 v3.1.10 (3.1.10)
\pgffor@iter=\dimen286
\pgffor@skip=\dimen287
\pgffor@stack=\toks50
\pgffor@toks=\toks51
)) (/usr/local/texlive/2025/texmf-dist/tex/generic/pgf/frontendlayer/tikz/tikz.code.tex
Package: tikz 2023-01-15 v3.1.10 (3.1.10)
 (/usr/local/texlive/2025/texmf-dist/tex/generic/pgf/libraries/pgflibraryplothandlers.code.tex
File: pgflibraryplothandlers.code.tex 2023-01-15 v3.1.10 (3.1.10)
\pgf@plot@mark@count=\count322
\pgfplotmarksize=\dimen288
)
\tikz@lastx=\dimen289
\tikz@lasty=\dimen290
\tikz@lastxsaved=\dimen291
\tikz@lastysaved=\dimen292
\tikz@lastmovetox=\dimen293
\tikz@lastmovetoy=\dimen294
\tikzleveldistance=\dimen295
\tikzsiblingdistance=\dimen296
\tikz@figbox=\box90
\tikz@figbox@bg=\box91
\tikz@tempbox=\box92
\tikz@tempbox@bg=\box93
\tikztreelevel=\count323
\tikznumberofchildren=\count324
\tikznumberofcurrentchild=\count325
\tikz@fig@count=\count326
 (/usr/local/texlive/2025/texmf-dist/tex/generic/pgf/modules/pgfmodulematrix.code.tex
File: pgfmodulematrix.code.tex 2023-01-15 v3.1.10 (3.1.10)
\pgfmatrixcurrentrow=\count327
\pgfmatrixcurrentcolumn=\count328
\pgf@matrix@numberofcolumns=\count329
)
\tikz@expandcount=\count330
 (/usr/local/texlive/2025/texmf-dist/tex/generic/pgf/frontendlayer/tikz/libraries/tikzlibrarytopaths.code.tex
File: tikzlibrarytopaths.code.tex 2023-01-15 v3.1.10 (3.1.10)
))) (/usr/local/texlive/2025/texmf-dist/tex/generic/xstring/xstring.sty (/usr/local/texlive/2025/texmf-dist/tex/generic/xstring/xstring.tex
\xs_counta=\count331
\xs_countb=\count332
)
Package: xstring 2023/08/22 v1.86 String manipulations (CT)
) (/usr/local/texlive/2025/texmf-dist/tex/latex/pgfopts/pgfopts.sty
Package: pgfopts 2014/07/10 v2.1a LaTeX package options with pgfkeys
\pgfopts@list@add@a@toks=\toks52
\pgfopts@list@add@b@toks=\toks53
) (/usr/local/texlive/2025/texmf-dist/tex/latex/mathtools/mathtools.sty
Package: mathtools 2024/10/04 v1.31 mathematical typesetting tools
 (/usr/local/texlive/2025/texmf-dist/tex/latex/tools/calc.sty
Package: calc 2023/07/08 v4.3 Infix arithmetic (KKT,FJ)
\calc@Acount=\count333
\calc@Bcount=\count334
\calc@Adimen=\dimen297
\calc@Bdimen=\dimen298
\calc@Askip=\skip66
\calc@Bskip=\skip67
LaTeX Info: Redefining \setlength on input line 80.
LaTeX Info: Redefining \addtolength on input line 81.
\calc@Ccount=\count335
\calc@Cskip=\skip68
) (/usr/local/texlive/2025/texmf-dist/tex/latex/mathtools/mhsetup.sty
Package: mhsetup 2021/03/18 v1.4 programming setup (MH)
)
\g_MT_multlinerow_int=\count336
\l_MT_multwidth_dim=\dimen299
\origjot=\skip69
\l_MT_shortvdotswithinadjustabove_dim=\dimen300
\l_MT_shortvdotswithinadjustbelow_dim=\dimen301
\l_MT_above_intertext_sep=\dimen302
\l_MT_below_intertext_sep=\dimen303
\l_MT_above_shortintertext_sep=\dimen304
\l_MT_below_shortintertext_sep=\dimen305
\xmathstrut@box=\box94
\xmathstrut@dim=\dimen306
) (/usr/local/texlive/2025/texmf-dist/tex/generic/pgf/frontendlayer/tikz/libraries/tikzlibraryarrows.code.tex
File: tikzlibraryarrows.code.tex 2023-01-15 v3.1.10 (3.1.10)
 (/usr/local/texlive/2025/texmf-dist/tex/generic/pgf/libraries/pgflibraryarrows.code.tex
File: pgflibraryarrows.code.tex 2023-01-15 v3.1.10 (3.1.10)
\arrowsize=\dimen307
)) (/usr/local/texlive/2025/texmf-dist/tex/generic/pgf/libraries/pgflibraryarrows.meta.code.tex
File: pgflibraryarrows.meta.code.tex 2023-01-15 v3.1.10 (3.1.10)
\pgfarrowinset=\dimen308
\pgfarrowlength=\dimen309
\pgfarrowwidth=\dimen310
\pgfarrowlinewidth=\dimen311
) (/usr/local/texlive/2025/texmf-dist/tex/generic/pgf/frontendlayer/tikz/libraries/tikzlibrarybackgrounds.code.tex
File: tikzlibrarybackgrounds.code.tex 2023-01-15 v3.1.10 (3.1.10)
\pgf@layerbox@background=\box95
\pgf@layerboxsaved@background=\box96
) (/usr/local/texlive/2025/texmf-dist/tex/generic/pgf/frontendlayer/tikz/libraries/tikzlibrarycalc.code.tex
File: tikzlibrarycalc.code.tex 2023-01-15 v3.1.10 (3.1.10)
) (/usr/local/texlive/2025/texmf-dist/tex/generic/pgf/frontendlayer/tikz/libraries/tikzlibrarydecorations.markings.code.tex (/usr/local/texlive/2025/texmf-dist/tex/generic/pgf/frontendlayer/tikz/libraries/tikzlibrarydecorations.code.tex (/usr/local/texlive/2025/texmf-dist/tex/generic/pgf/modules/pgfmoduledecorations.code.tex
\pgfdecoratedcompleteddistance=\dimen312
\pgfdecoratedremainingdistance=\dimen313
\pgfdecoratedinputsegmentcompleteddistance=\dimen314
\pgfdecoratedinputsegmentremainingdistance=\dimen315
\pgf@decorate@distancetomove=\dimen316
\pgf@decorate@repeatstate=\count337
\pgfdecorationsegmentamplitude=\dimen317
\pgfdecorationsegmentlength=\dimen318
)
\tikz@lib@dec@box=\box97
) (/usr/local/texlive/2025/texmf-dist/tex/generic/pgf/libraries/decorations/pgflibrarydecorations.markings.code.tex)) (/usr/local/texlive/2025/texmf-dist/tex/generic/pgf/frontendlayer/tikz/libraries/tikzlibrarydecorations.pathreplacing.code.tex (/usr/local/texlive/2025/texmf-dist/tex/generic/pgf/libraries/decorations/pgflibrarydecorations.pathreplacing.code.tex)) (/usr/local/texlive/2025/texmf-dist/tex/generic/pgf/frontendlayer/tikz/libraries/tikzlibrarydecorations.pathmorphing.code.tex (/usr/local/texlive/2025/texmf-dist/tex/generic/pgf/libraries/decorations/pgflibrarydecorations.pathmorphing.code.tex)) (/usr/local/texlive/2025/texmf-dist/tex/generic/pgf/frontendlayer/tikz/libraries/tikzlibraryfit.code.tex
File: tikzlibraryfit.code.tex 2023-01-15 v3.1.10 (3.1.10)
) (/usr/local/texlive/2025/texmf-dist/tex/generic/pgf/frontendlayer/tikz/libraries/tikzlibrarypatterns.code.tex
File: tikzlibrarypatterns.code.tex 2023-01-15 v3.1.10 (3.1.10)
 (/usr/local/texlive/2025/texmf-dist/tex/generic/pgf/libraries/pgflibrarypatterns.code.tex
File: pgflibrarypatterns.code.tex 2023-01-15 v3.1.10 (3.1.10)
)) (/usr/local/texlive/2025/texmf-dist/tex/generic/pgf/frontendlayer/tikz/libraries/tikzlibraryshadows.code.tex
File: tikzlibraryshadows.code.tex 2023-01-15 v3.1.10 (3.1.10)
 (/usr/local/texlive/2025/texmf-dist/tex/generic/pgf/frontendlayer/tikz/libraries/tikzlibraryfadings.code.tex
File: tikzlibraryfadings.code.tex 2023-01-15 v3.1.10 (3.1.10)
 (/usr/local/texlive/2025/texmf-dist/tex/generic/pgf/libraries/pgflibraryfadings.code.tex
File: pgflibraryfadings.code.tex 2023-01-15 v3.1.10 (3.1.10)
)))
\pgf@layerbox@Dynkin behind=\box98
\pgf@layerboxsaved@Dynkin behind=\box99
\dynkinOverrideRoot=\count338
\dynkin@rpo=\count339
\c@dynkinRootNo=\count340
\dynkin@onesbit=\count341
\dynkin@twosbit=\count342
\dynkin@rank=\count343
\dynkin@rank@minus@one=\count344
\dynkin@rank@minus@two=\count345
\dynkin@rank@minus@three=\count346
\dynkin@nodes=\count347
\dynkin@ply=\count348
\dynkin@drpo=\count349
\dynkin@where=\count350
\dynkin@first@root@no=\count351
\dynkin@second@root@no=\count352
\dynkin@Root@Numbr=\count353
\dynkin@string@length=\count354
\dynkin@Root@Numbrpo=\count355
\defaultpgflinewidth=\skip70
\dynkin@lenny=\count356
\dynkin@Root@Number=\count357
\@dynkin@from@root=\count358
\@dynkin@to@root=\count359
\dynkin@r=\count360
\dynkin@root@no=\count361
\dynkin@order@temp=\count362
\dynkin@order@temp@b=\count363
\tempDynkinReorder=\count364
\test@bit@a=\count365
\test@bit@b=\count366
\replaceNthCounter=\count367
\replacementN=\count368
\dynkin@where=\count369
\dynkin@nodes@minus@one=\count370
\pipebmo=\count371
\pipefpo=\count372
\pipe@end=\count373
\start@pipe=\count374
\dynkin@h=\count375
\dynkin@hpo=\count376
\dynkin@afterfold=\count377
\dynkin@nrts=\count378
\dynkin@countdown=\count379
\dynkin@bmo=\count380
\dynkin@bmo=\count381
\dynkin@height@minus@one=\count382
\dynkin@nodes@minus@one=\count383
\dynkin@diagram@list@item@number=\count384
) (/usr/local/texlive/2025/texmf-dist/tex/latex/ccicons/ccicons.sty
Package: ccicons 2017/10/30 v1.6 LaTeX support for Creative Commons icons
 (/usr/local/texlive/2025/texmf-dist/tex/latex/xkeyval/xkeyval.sty
Package: xkeyval 2022/06/16 v2.9 package option processing (HA)
 (/usr/local/texlive/2025/texmf-dist/tex/generic/xkeyval/xkeyval.tex (/usr/local/texlive/2025/texmf-dist/tex/generic/xkeyval/xkvutils.tex
\XKV@toks=\toks54
\XKV@tempa@toks=\toks55
)
\XKV@depth=\count385
File: xkeyval.tex 2014/12/03 v2.7a key=value parser (HA)
))) (/usr/local/texlive/2025/texmf-dist/tex/latex/listings/listings.sty
\lst@mode=\count386
\lst@gtempboxa=\box100
\lst@token=\toks56
\lst@length=\count387
\lst@currlwidth=\dimen319
\lst@column=\count388
\lst@pos=\count389
\lst@lostspace=\dimen320
\lst@width=\dimen321
\lst@newlines=\count390
\lst@lineno=\count391
\lst@maxwidth=\dimen322
 (/usr/local/texlive/2025/texmf-dist/tex/latex/listings/lstpatch.sty
File: lstpatch.sty 2024/09/23 1.10c (Carsten Heinz)
) (/usr/local/texlive/2025/texmf-dist/tex/latex/listings/lstmisc.sty
File: lstmisc.sty 2024/09/23 1.10c (Carsten Heinz)
\c@lstnumber=\count392
\lst@skipnumbers=\count393
\lst@framebox=\box101
) (/usr/local/texlive/2025/texmf-dist/tex/latex/listings/listings.cfg
File: listings.cfg 2024/09/23 1.10c listings configuration
))
Package: listings 2024/09/23 1.10c (Carsten Heinz)
 (/usr/local/texlive/2025/texmf-dist/tex/latex/circ/circ.sty
Package: circ 1997/04/23 v1.0d for typeset circuit diagrams
\X*max=\dimen323
\X*min=\dimen324
\*X*=\dimen325
\*Y*=\dimen326
\**X=\dimen327
\**Y=\dimen328
\***X=\dimen329
\***Y=\dimen330
\*bbox=\box102
\box*=\box103
\ic*=\dimen331
\ht*=\dimen332
\wd*=\dimen333
\dp*=\dimen334
\cc*=\count394
\*spc=\dimen335
\ldd*=\toks57
\rud*=\toks58
\llpos*=\toks59
\ldpos*=\toks60
\rlpos*=\toks61
\rdpos*=\toks62
\ulpos*=\toks63
\udpos*=\toks64
\dlpos*=\toks65
\ddpos*=\toks66
\cnta*=\count395
\cntb*=\count396
\name*=\toks67
\ld*pin=\toks68
\ru*pin=\toks69
\m*pin=\toks70
\rmacros=\toks71
\outerspace=\dimen336
\*Ilist=\toks72
\*Olist=\toks73
\pin*spc=\dimen337
\pin*ind=\dimen338
\io*ind=\dimen339
\mid*ind=\dimen340
\pinnum*spc=\dimen341
\CIRCfinit=\toks74
 (/usr/local/texlive/2025/texmf-dist/tex/latex/circ/basic.def
File: basic.def 
) (/usr/local/texlive/2025/texmf-dist/tex/latex/circ/box.def
File: box.def 
) (/usr/local/texlive/2025/texmf-dist/tex/latex/circ/gate.def
File: gate.def 
) (/usr/local/texlive/2025/texmf-dist/tex/latex/circ/oldgate.def) (/usr/local/texlive/2025/texmf-dist/tex/latex/circ/ic.def
File: ic.def 
) (/usr/local/texlive/2025/texmf-dist/tex/latex/circ/optics.def
File: optics.def 
) (/usr/local/texlive/2025/texmf-dist/tex/latex/circ/physics.def)) (/usr/local/texlive/2025/texmf-dist/tex/generic/ulem/ulem.sty
\UL@box=\box104
\UL@hyphenbox=\box105
\UL@skip=\skip71
\UL@hook=\toks75
\UL@height=\dimen342
\UL@pe=\count397
\UL@pixel=\dimen343
\ULC@box=\box106
Package: ulem 2019/11/18
\ULdepth=\dimen344
)
Package hyperref Info: Option `setpagesize' set `false' on input line 21.
Package hyperref Info: Option `bookmarksnumbered' set `true' on input line 21.
Package hyperref Info: Option `bookmarksopen' set `true' on input line 21.
Package hyperref Info: Option `colorlinks' set `true' on input line 21.
 (/usr/local/texlive/2025/texmf-dist/tex/latex/mflogo/mflogo.sty
Package: mflogo 1999/03/10 v2.0 LaTeX package for Metafont and MetaPost logos
) (/usr/local/texlive/texmf-local/tex/MePoTeX/MePoTeX.sty
Package: MePoTeX 2022/01/10 MetaPost in TeX ver4.50
\@sdtoksi=\toks76
\@sdtoksii=\toks77
\mptp@=\dimen345
\tf@mp=\write4
) (/usr/local/texlive/2025/texmf-dist/tex/generic/xypic/xy.tex Bootstrap'ing: catcodes, docmode, (/usr/local/texlive/2025/texmf-dist/tex/generic/xypic/xyrecat.tex)
(/usr/local/texlive/2025/texmf-dist/tex/generic/xypic/xyidioms.tex)

 Xy-pic version 3.8.9 <2013/10/06>
 Copyright (c) 1991-2013 by Kristoffer H. Rose <krisrose@tug.org> and others
 Xy-pic is free software: see the User's Guide for details.

Loading kernel: messages; fonts; allocations: state,
\X@c=\dimen346
\Y@c=\dimen347
\U@c=\dimen348
\D@c=\dimen349
\L@c=\dimen350
\R@c=\dimen351
\Edge@c=\toks78
\X@p=\dimen352
\Y@p=\dimen353
\U@p=\dimen354
\D@p=\dimen355
\L@p=\dimen356
\R@p=\dimen357
\Edge@p=\toks79
\X@origin=\dimen358
\Y@origin=\dimen359
\X@xbase=\dimen360
\Y@xbase=\dimen361
\X@ybase=\dimen362
\Y@ybase=\dimen363
\X@min=\dimen364
\Y@min=\dimen365
\X@max=\dimen366
\Y@max=\dimen367
\lastobjectbox@=\box107
\zerodotbox@=\box108
\almostz@=\dimen368
 direction,
\d@X=\dimen369
\d@Y=\dimen370
\K@=\count398
\KK@=\count399
\Direction=\count400
\K@dXdY=\dimen371
\K@dYdX=\dimen372
\xyread@=\read4
\xywrite@=\write5
\csp@=\count401
\quotPTK@=\dimen373
 utility macros; pictures: \xy, positions,
\swaptoks@@=\toks80
\connectobjectbox@@=\box109
 objects,
\styletoks@=\toks81
 decorations; kernel objects: directionals, circles, text; options; algorithms: directions, edges, connections;  Xy-pic loaded) (/usr/local/texlive/2025/texmf-dist/tex/generic/xypic/xyall.tex  Xy-pic option: All features v.3.8 (/usr/local/texlive/2025/texmf-dist/tex/generic/xypic/xycurve.tex  Xy-pic option: Curve and Spline extension v.3.12 curve,
\crv@cnt@=\count402
\crvpts@=\toks82
\splinebox@=\box110
\splineval@=\dimen374
\splinedepth@=\dimen375
\splinetol@=\dimen376
\splinelength@=\dimen377
 circles,
\L@=\dimen378
 loaded) (/usr/local/texlive/2025/texmf-dist/tex/generic/xypic/xyframe.tex  Xy-pic option: Frame and Bracket extension v.3.14 loaded) (/usr/local/texlive/2025/texmf-dist/tex/generic/xypic/xycmtip.tex  Xy-pic option: Computer Modern tip extension v.3.7 (/usr/local/texlive/2025/texmf-dist/tex/generic/xypic/xytips.tex  Xy-pic option: More Tips extension v.3.11 loaded) loaded) (/usr/local/texlive/2025/texmf-dist/tex/generic/xypic/xyline.tex  Xy-pic option: Line styles extension v.3.10
\xylinethick@=\dimen379
 loaded) (/usr/local/texlive/2025/texmf-dist/tex/generic/xypic/xyrotate.tex  Xy-pic option: Rotate and Scale extension v.3.8 loaded) (/usr/local/texlive/2025/texmf-dist/tex/generic/xypic/xycolor.tex  Xy-pic option: Colour extension v.3.11 loaded) (/usr/local/texlive/2025/texmf-dist/tex/generic/xypic/xymatrix.tex  Xy-pic option: Matrix feature v.3.14
\Row=\count403
\Col=\count404
\queue@=\toks83
\queue@@=\toks84
\qcount@=\count405
\qcount@@=\count406
\matrixsize@=\count407
 loaded) (/usr/local/texlive/2025/texmf-dist/tex/generic/xypic/xyarrow.tex  Xy-pic option: Arrow and Path feature v.3.9 path, \ar, loaded) (/usr/local/texlive/2025/texmf-dist/tex/generic/xypic/xygraph.tex  Xy-pic option: Graph feature v.3.11 loaded) loaded) (/usr/local/texlive/2025/texmf-dist/tex/latex/base/makeidx.sty
Package: makeidx 2021/10/04 v1.0m Standard LaTeX package
)
\@indexfile=\write6
\openout6 = `main.idx'.


Writing index file main.idx
\c@PP=\count408
\c@Thm=\count409
\c@Prop=\count410
\c@Q=\count411
\c@Quiz=\count412
\c@Def=\count413
\c@ex=\count414
\c@exQ=\count415
LaTeX Font Info:    Trying to load font information for OT1+lmr on input line 85.
(/usr/local/texlive/2025/texmf-dist/tex/latex/lm/ot1lmr.fd
File: ot1lmr.fd 2015/05/01 v1.6.1 Font defs for Latin Modern
) (/usr/local/texlive/2025/texmf-dist/tex/latex/l3backend/l3backend-dvips.def
File: l3backend-dvips.def 2024-05-08 L3 backend support: dvips
\l__pdf_internal_box=\box111
\l__pdf_backend_content_box=\box112
\l__pdf_backend_model_box=\box113
\g__pdf_backend_annotation_int=\count416
\g__pdf_backend_link_int=\count417
\g__pdf_backend_link_sf_int=\count418
) (./main.aux (./intro/intro.aux) (./ch1/ch1.aux) (./ch2/ch2.aux

LaTeX Warning: Label `' multiply defined.

) (./ch3/ch3.aux

LaTeX Warning: Label `' multiply defined.


LaTeX Warning: Label `' multiply defined.


LaTeX Warning: Label `' multiply defined.

) (./ch4/ch4.aux

LaTeX Warning: Label `' multiply defined.


LaTeX Warning: Label `' multiply defined.


LaTeX Warning: Label `' multiply defined.


LaTeX Warning: Label `' multiply defined.


LaTeX Warning: Label `' multiply defined.


LaTeX Warning: Label `' multiply defined.

) (./ch5/ch5.aux

LaTeX Warning: Label `' multiply defined.


LaTeX Warning: Label `' multiply defined.


LaTeX Warning: Label `' multiply defined.


LaTeX Warning: Label `' multiply defined.

) (./ch6/ch6.aux) (./appa/appa.aux

LaTeX Warning: Label `' multiply defined.


LaTeX Warning: Label `' multiply defined.

) (./appb/appb.aux) (./appc/appc.aux

LaTeX Warning: Label `' multiply defined.

) (./appd/appd.aux) (./appe/appe.aux

LaTeX Warning: Label `' multiply defined.


LaTeX Warning: Label `' multiply defined.


LaTeX Warning: Label `' multiply defined.


LaTeX Warning: Label `' multiply defined.

)

LaTeX Warning: Label `Ko' multiply defined.


LaTeX Warning: Label `K' multiply defined.


LaTeX Warning: Label `N' multiply defined.


LaTeX Warning: Label `M' multiply defined.

)
\openout1 = `main.aux'.

LaTeX Font Info:    Checking defaults for OML/cmm/m/it on input line 85.
LaTeX Font Info:    ... okay on input line 85.
LaTeX Font Info:    Checking defaults for OMS/cmsy/m/n on input line 85.
LaTeX Font Info:    ... okay on input line 85.
LaTeX Font Info:    Checking defaults for OT1/cmr/m/n on input line 85.
LaTeX Font Info:    ... okay on input line 85.
LaTeX Font Info:    Checking defaults for T1/cmr/m/n on input line 85.
LaTeX Font Info:    ... okay on input line 85.
LaTeX Font Info:    Checking defaults for TS1/cmr/m/n on input line 85.
LaTeX Font Info:    ... okay on input line 85.
LaTeX Font Info:    Checking defaults for OMX/cmex/m/n on input line 85.
LaTeX Font Info:    ... okay on input line 85.
LaTeX Font Info:    Checking defaults for U/cmr/m/n on input line 85.
LaTeX Font Info:    ... okay on input line 85.
LaTeX Font Info:    Checking defaults for JY1/mc/m/n on input line 85.
LaTeX Font Info:    ... okay on input line 85.
LaTeX Font Info:    Checking defaults for JT1/mc/m/n on input line 85.
LaTeX Font Info:    ... okay on input line 85.
LaTeX Font Info:    Checking defaults for PD1/pdf/m/n on input line 85.
LaTeX Font Info:    ... okay on input line 85.
LaTeX Font Info:    Checking defaults for PU/pdf/m/n on input line 85.
LaTeX Font Info:    ... okay on input line 85.
Package hyperref Info: Link coloring ON on input line 85.
 (./main.out) (./main.out)
\@outlinefile=\write7
\openout7 = `main.out'.

\c@lstlisting=\count419
LaTeX Font Info:    Font shape `JT1/mc/m/n' will be
(Font)              scaled to size 18.7pt on input line 87.
LaTeX Font Info:    Font shape `JY1/mc/m/n' will be
(Font)              scaled to size 18.7pt on input line 87.
LaTeX Font Info:    Font shape `JT1/mc/m/n' will be
(Font)              scaled to size 15.4pt on input line 87.
LaTeX Font Info:    Font shape `JY1/mc/m/n' will be
(Font)              scaled to size 15.4pt on input line 87.
LaTeX Font Info:    Calculating math sizes for size <15.4> on input line 87.
LaTeX Font Info:    Trying to load font information for OML+lmm on input line 87.
 (/usr/local/texlive/2025/texmf-dist/tex/latex/lm/omllmm.fd
File: omllmm.fd 2015/05/01 v1.6.1 Font defs for Latin Modern
)
LaTeX Font Info:    Trying to load font information for OMS+lmsy on input line 87.
 (/usr/local/texlive/2025/texmf-dist/tex/latex/lm/omslmsy.fd
File: omslmsy.fd 2015/05/01 v1.6.1 Font defs for Latin Modern
)
LaTeX Font Info:    Trying to load font information for OMX+lmex on input line 87.
 (/usr/local/texlive/2025/texmf-dist/tex/latex/lm/omxlmex.fd
File: omxlmex.fd 2015/05/01 v1.6.1 Font defs for Latin Modern
)
LaTeX Font Info:    External font `lmex10' loaded for size
(Font)              <15.4> on input line 87.
LaTeX Font Info:    External font `lmex10' loaded for size
(Font)              <10.77994> on input line 87.
LaTeX Font Info:    External font `lmex10' loaded for size
(Font)              <7.7> on input line 87.
LaTeX Font Info:    Font shape `JY1/mc/m/n' will be
(Font)              scaled to size 10.77994pt on input line 87.
LaTeX Font Info:    Font shape `JY1/mc/m/n' will be
(Font)              scaled to size 7.7pt on input line 87.
LaTeX Font Info:    Trying to load font information for U+lasy on input line 87.
 (/usr/local/texlive/2025/texmf-dist/tex/latex/base/ulasy.fd
File: ulasy.fd 1998/08/17 v2.2e LaTeX symbol font definitions
)

LaTeX Font Warning: Font shape `U/lasy/m/n' in size <15.4> not available
(Font)              size <14.4> substituted on input line 87.

LaTeX Font Info:    Trying to load font information for U+msa on input line 87.
(/usr/local/texlive/2025/texmf-dist/tex/latex/amsfonts/umsa.fd
File: umsa.fd 2013/01/14 v3.01 AMS symbols A
)
LaTeX Font Info:    Trying to load font information for U+msb on input line 87.
 (/usr/local/texlive/2025/texmf-dist/tex/latex/amsfonts/umsb.fd
File: umsb.fd 2013/01/14 v3.01 AMS symbols B
)
LaTeX Font Info:    Font shape `JT1/mc/m/n' will be
(Font)              scaled to size 13.2pt on input line 87.
LaTeX Font Info:    Font shape `JY1/mc/m/n' will be
(Font)              scaled to size 13.2pt on input line 87.


[1

]

[2

]
\openout2 = `intro/intro.aux'.

 (./intro/intro.tex
LaTeX Font Info:    Font shape `JT1/mc/m/n' will be
(Font)              scaled to size 22.0pt on input line 2.
LaTeX Font Info:    Font shape `JY1/mc/m/n' will be
(Font)              scaled to size 22.0pt on input line 2.
LaTeX Font Info:    Font shape `JT1/gt/m/n' will be
(Font)              scaled to size 22.0pt on input line 2.
LaTeX Font Info:    Font shape `JY1/gt/m/n' will be
(Font)              scaled to size 22.0pt on input line 2.
LaTeX Font Info:    Trying to load font information for OT1+lmss on input line 2.
 (/usr/local/texlive/2025/texmf-dist/tex/latex/lm/ot1lmss.fd
File: ot1lmss.fd 2015/05/01 v1.6.1 Font defs for Latin Modern
)
LaTeX Font Info:    Font shape `JT1/gt/bx/n' in size <22> not available
(Font)              Font shape `JT1/gt/m/n' tried instead on input line 2.
LaTeX Font Info:    Font shape `JT1/gt/m/n' will be
(Font)              scaled to size 22.0pt on input line 2.
LaTeX Font Info:    Font shape `JY1/gt/bx/n' in size <22> not available
(Font)              Font shape `JY1/gt/m/n' tried instead on input line 2.
LaTeX Font Info:    Font shape `JY1/gt/m/n' will be
(Font)              scaled to size 22.0pt on input line 2.
LaTeX Font Info:    Trying to load font information for TS1+lmr on input line 23.
 (/usr/local/texlive/2025/texmf-dist/tex/latex/lm/ts1lmr.fd
File: ts1lmr.fd 2015/05/01 v1.6.1 Font defs for Latin Modern
)
LaTeX Font Info:    Calculating math sizes for size <11> on input line 45.
LaTeX Font Info:    External font `lmex10' loaded for size
(Font)              <11> on input line 45.
LaTeX Font Info:    External font `lmex10' loaded for size
(Font)              <7.69997> on input line 45.
LaTeX Font Info:    External font `lmex10' loaded for size
(Font)              <5.5> on input line 45.
LaTeX Font Info:    Font shape `JY1/mc/m/n' will be
(Font)              scaled to size 7.69997pt on input line 45.
LaTeX Font Info:    Font shape `JY1/mc/m/n' will be
(Font)              scaled to size 5.5pt on input line 45.


LaTeX Font Warning: Font shape `U/lasy/m/n' in size <5.5> not available
(Font)              size <5> substituted on input line 45.

LaTeX Font Info:    Font shape `JT1/mc/m/n' will be
(Font)              scaled to size 7.69997pt on input line 45.


[3


])

[4] (./main.toc

[5



]
LaTeX Font Info:    Font shape `JY1/gt/m/n' will be
(Font)              scaled to size 11.0pt on input line 33.
LaTeX Font Info:    Font shape `JY1/gt/m/n' will be
(Font)              scaled to size 7.69997pt on input line 33.
LaTeX Font Info:    Font shape `JY1/gt/m/n' will be
(Font)              scaled to size 5.5pt on input line 33.


[6])
\tf@toc=\write8
\openout8 = `main.toc'.



[7]

[8

]
\openout2 = `ch1/ch1.aux'.

 (./ch1/ch1.tex
LaTeX Font Info:    Font shape `JT1/gt/m/n' will be
(Font)              scaled to size 15.4pt on input line 105.
LaTeX Font Info:    Font shape `JY1/gt/m/n' will be
(Font)              scaled to size 15.4pt on input line 105.
LaTeX Font Info:    Font shape `JT1/gt/bx/n' in size <15.4> not available
(Font)              Font shape `JT1/gt/m/n' tried instead on input line 105.
LaTeX Font Info:    Font shape `JT1/gt/m/n' will be
(Font)              scaled to size 15.4pt on input line 105.
LaTeX Font Info:    Font shape `JY1/gt/bx/n' in size <15.4> not available
(Font)              Font shape `JY1/gt/m/n' tried instead on input line 105.
LaTeX Font Info:    Font shape `JY1/gt/m/n' will be
(Font)              scaled to size 15.4pt on input line 105.


[1


]
File: ~/Documents/GitHub/introInfo/ch1/images/Screen_Shot_2020-09-19_at_7.16.21_AM_big.png Graphic file (type bmp)
<~/Documents/GitHub/introInfo/ch1/images/Screen_Shot_2020-09-19_at_7.16.21_AM_big.png>
LaTeX Font Info:    Font shape `JT1/gt/m/n' will be
(Font)              scaled to size 9.89993pt on input line 200.
LaTeX Font Info:    Font shape `JY1/gt/m/n' will be
(Font)              scaled to size 9.89993pt on input line 200.
LaTeX Font Info:    Font shape `JT1/gt/bx/n' in size <9.89993> not available
(Font)              Font shape `JT1/gt/m/n' tried instead on input line 200.
LaTeX Font Info:    Font shape `JT1/gt/m/n' will be
(Font)              scaled to size 9.89993pt on input line 200.
LaTeX Font Info:    Font shape `JY1/gt/bx/n' in size <9.89993> not available
(Font)              Font shape `JY1/gt/m/n' tried instead on input line 200.
LaTeX Font Info:    Font shape `JY1/gt/m/n' will be
(Font)              scaled to size 9.89993pt on input line 200.


[2]
File: ~/Documents/GitHub/introInfo/ch1/images/figure.1 Graphic file (type eps)
<~/Documents/GitHub/introInfo/ch1/images/figure.1>
File: ~/Documents/GitHub/introInfo/ch1/images/column.pdf Graphic file (type pdf)
<~/Documents/GitHub/introInfo/ch1/images/column.pdf>
LaTeX Font Info:    Font shape `JT1/gt/m/n' will be
(Font)              scaled to size 11.0pt on input line 276.
LaTeX Font Info:    Trying to load font information for OT1+lmtt on input line 276.
 (/usr/local/texlive/2025/texmf-dist/tex/latex/lm/ot1lmtt.fd
File: ot1lmtt.fd 2015/05/01 v1.6.1 Font defs for Latin Modern
)
Overfull \vbox (0.67122pt too high) has occurred while \output is active []



[3]

[4]
File: ~/Documents/GitHub/introInfo/ch1/images/vscode.pdf Graphic file (type pdf)
<~/Documents/GitHub/introInfo/ch1/images/vscode.pdf>
LaTeX Font Info:    Font shape `JT1/mc/bx/n' in size <11> not available
(Font)              Font shape `JT1/gt/m/n' tried instead on input line 358.
LaTeX Font Info:    Font shape `JT1/gt/m/n' will be
(Font)              scaled to size 11.0pt on input line 358.
LaTeX Font Info:    Font shape `JY1/mc/bx/n' in size <11> not available
(Font)              Font shape `JY1/gt/m/n' tried instead on input line 358.
LaTeX Font Info:    Font shape `JY1/gt/m/n' will be
(Font)              scaled to size 11.0pt on input line 358.
LaTeX Font Info:    Font shape `JT1/gt/bx/n' in size <11> not available
(Font)              Font shape `JT1/gt/m/n' tried instead on input line 358.
LaTeX Font Info:    Font shape `JT1/gt/m/n' will be
(Font)              scaled to size 11.0pt on input line 358.
LaTeX Font Info:    Font shape `JY1/gt/bx/n' in size <11> not available
(Font)              Font shape `JY1/gt/m/n' tried instead on input line 358.
LaTeX Font Info:    Font shape `JY1/gt/m/n' will be
(Font)              scaled to size 11.0pt on input line 358.


[5]
File: ~/Documents/GitHub/introInfo/ch1/images/ScreenCapture2.pdf Graphic file (type pdf)
<~/Documents/GitHub/introInfo/ch1/images/ScreenCapture2.pdf>


[6]
File: ~/Documents/GitHub/introInfo/ch1/images/ScreenCapture1.pdf Graphic file (type pdf)
<~/Documents/GitHub/introInfo/ch1/images/ScreenCapture1.pdf>


[7]
File: ~/Documents/GitHub/introInfo/ch1/images/terminal.pdf Graphic file (type pdf)
<~/Documents/GitHub/introInfo/ch1/images/terminal.pdf>


[8]
LaTeX Font Info:    Trying to load font information for OML+lmr on input line 569.
 (/usr/local/texlive/2025/texmf-dist/tex/latex/lm/omllmr.fd
File: omllmr.fd 2015/05/01 v1.6.1 Font defs for Latin Modern
)
LaTeX Font Info:    Font shape `OML/lmr/m/n' in size <11> not available
(Font)              Font shape `OML/lmm/m/it' tried instead on input line 569.
Package hyperref Info: bookmark level for unknown lstlisting defaults to 0 on input line 583.


[9]
LaTeX Font Info:    Font shape `JT1/mc/m/it' in size <11> not available
(Font)              Font shape `JT1/mc/m/n' tried instead on input line 608.
LaTeX Font Info:    Font shape `JT1/mc/m/n' will be
(Font)              scaled to size 11.0pt on input line 608.
LaTeX Font Info:    Font shape `JY1/mc/m/it' in size <11> not available
(Font)              Font shape `JY1/mc/m/n' tried instead on input line 608.
LaTeX Font Info:    Font shape `JY1/mc/m/n' will be
(Font)              scaled to size 11.0pt on input line 608.
)

[10]
\openout2 = `ch2/ch2.aux'.

 (./ch2/ch2.tex
LaTeX Font Info:    Calculating math sizes for size <8.80003> on input line 70.
LaTeX Font Info:    External font `lmex10' loaded for size
(Font)              <8.80003> on input line 70.
LaTeX Font Info:    External font `lmex10' loaded for size
(Font)              <6.15999> on input line 70.
LaTeX Font Info:    External font `lmex10' loaded for size
(Font)              <4.40001> on input line 70.
LaTeX Font Info:    Font shape `JY1/mc/m/n' will be
(Font)              scaled to size 6.15999pt on input line 70.
LaTeX Font Info:    Font shape `JY1/mc/m/n' will be
(Font)              scaled to size 4.40001pt on input line 70.
LaTeX Font Info:    Font shape `JY1/gt/m/n' will be
(Font)              scaled to size 8.80003pt on input line 70.
LaTeX Font Info:    Font shape `JY1/gt/m/n' will be
(Font)              scaled to size 6.15999pt on input line 70.
LaTeX Font Info:    Font shape `JY1/gt/m/n' will be
(Font)              scaled to size 4.40001pt on input line 70.


LaTeX Font Warning: Font shape `U/lasy/m/n' in size <4.40001> not available
(Font)              size <5> substituted on input line 70.

File: ~/Documents/GitHub/introInfo/ch2/images/ScannedDocuments.pdf Graphic file (type pdf)
<~/Documents/GitHub/introInfo/ch2/images/ScannedDocuments.pdf>
LaTeX Font Info:    Font shape `JT1/mc/m/n' will be
(Font)              scaled to size 5.5pt on input line 94.


[11




]
LaTeX Font Info:    Trying to load font information for OMS+lmr on input line 139.
 (/usr/local/texlive/2025/texmf-dist/tex/latex/lm/omslmr.fd
File: omslmr.fd 2015/05/01 v1.6.1 Font defs for Latin Modern
)
LaTeX Font Info:    Font shape `OMS/lmr/m/n' in size <11> not available
(Font)              Font shape `OMS/lmsy/m/n' tried instead on input line 139.
LaTeX Font Info:    Calculating math sizes for size <9.89993> on input line 147.
LaTeX Font Info:    External font `lmex10' loaded for size
(Font)              <9.89993> on input line 147.
LaTeX Font Info:    External font `lmex10' loaded for size
(Font)              <6.92992> on input line 147.
LaTeX Font Info:    External font `lmex10' loaded for size
(Font)              <4.94997> on input line 147.
LaTeX Font Info:    Font shape `JY1/mc/m/n' will be
(Font)              scaled to size 6.92992pt on input line 147.
LaTeX Font Info:    Font shape `JY1/mc/m/n' will be
(Font)              scaled to size 4.94997pt on input line 147.
LaTeX Font Info:    Font shape `JY1/gt/m/n' will be
(Font)              scaled to size 6.92992pt on input line 147.
LaTeX Font Info:    Font shape `JY1/gt/m/n' will be
(Font)              scaled to size 4.94997pt on input line 147.


LaTeX Warning: `h' float specifier changed to `ht'.

File: ~/Documents/GitHub/introInfo/ch2/images/keyboard.pdf Graphic file (type pdf)
<~/Documents/GitHub/introInfo/ch2/images/keyboard.pdf>


[12]

[13]
File: ~/Documents/GitHub/introInfo/ch2/images/keyremover.pdf Graphic file (type pdf)
<~/Documents/GitHub/introInfo/ch2/images/keyremover.pdf>
File: ~/Documents/GitHub/introInfo/ch2/images/memo.pdf Graphic file (type pdf)
<~/Documents/GitHub/introInfo/ch2/images/memo.pdf>


LaTeX Warning: `h' float specifier changed to `ht'.


Overfull \vbox (1.30322pt too high) has occurred while \output is active []



[14]

[15]

LaTeX Warning: Characters dropped after `\end{verbatim}' on input line 318.



[16]
File: ~/Documents/GitHub/introInfo/ch2/images/figure.1 Graphic file (type eps)
<~/Documents/GitHub/introInfo/ch2/images/figure.1>
File: ~/Documents/GitHub/introInfo/ch2/images/figure.2 Graphic file (type eps)
<~/Documents/GitHub/introInfo/ch2/images/figure.2>
LaTeX Font Info:    Font shape `U/ccicons/m/n' will be
(Font)              scaled to size 8.80003pt on input line 392.
File: ~/Documents/GitHub/introInfo/ch2/images/1024px-Liquid_Crystal_Display_Macro_Example_zoom.jpg Graphic file (type bmp)
<~/Documents/GitHub/introInfo/ch2/images/1024px-Liquid_Crystal_Display_Macro_Example_zoom.jpg>
File: ~/Documents/GitHub/introInfo/ch2/images/figure.8 Graphic file (type eps)
<~/Documents/GitHub/introInfo/ch2/images/figure.8>


[17]
File: ~/Documents/GitHub/introInfo/ch2/images/color.jpg Graphic file (type bmp)
<~/Documents/GitHub/introInfo/ch2/images/color.jpg>


[18]
File: ~/Documents/GitHub/introInfo/ch2/images/figure.3 Graphic file (type eps)
<~/Documents/GitHub/introInfo/ch2/images/figure.3>
File: ~/Documents/GitHub/introInfo/ch2/images/figure.4 Graphic file (type eps)
<~/Documents/GitHub/introInfo/ch2/images/figure.4>


[19]
File: ~/Documents/GitHub/introInfo/ch2/images/figure.5 Graphic file (type eps)
<~/Documents/GitHub/introInfo/ch2/images/figure.5>
File: ~/Documents/GitHub/introInfo/ch2/images/figure.6 Graphic file (type eps)
<~/Documents/GitHub/introInfo/ch2/images/figure.6>


[20]

[21]
File: ~/Documents/GitHub/introInfo/ch2/images/ScreenCapture1.pdf Graphic file (type pdf)
<~/Documents/GitHub/introInfo/ch2/images/ScreenCapture1.pdf>
File: ~/Documents/GitHub/introInfo/ch2/images/ScreenCapture2.pdf Graphic file (type pdf)
<~/Documents/GitHub/introInfo/ch2/images/ScreenCapture2.pdf>
File: ~/Documents/GitHub/introInfo/ch2/images/ScreenCapture3.pdf Graphic file (type pdf)
<~/Documents/GitHub/introInfo/ch2/images/ScreenCapture3.pdf>


[22]

[23]

[24]

[25]

[26])

[27]
\openout2 = `ch3/ch3.aux'.

 (./ch3/ch3.tex

[28




]

[29]
File: ~/Documents/GitHub/introInfo/ch3/images/figure4.1 Graphic file (type eps)
<~/Documents/GitHub/introInfo/ch3/images/figure4.1>
File: ~/Documents/GitHub/introInfo/ch3/images/figure4.2 Graphic file (type eps)
<~/Documents/GitHub/introInfo/ch3/images/figure4.2>
File: ~/Documents/GitHub/introInfo/ch3/images/figure4.3 Graphic file (type eps)
<~/Documents/GitHub/introInfo/ch3/images/figure4.3>


[30]
Package CIRC Info: `\put \P \_ \L \S ' redefined on input line 274.
 (I search kanjifont definition file: . . )
LaTeX Font Info:    Font shape `JT1/mc/m/n' will be
(Font)              scaled to size 10.0pt on input line 274.
LaTeX Font Info:    Font shape `JY1/mc/m/n' will be
(Font)              scaled to size 10.0pt on input line 274.
LaTeX Font Info:    External font `lmex10' loaded for size
(Font)              <10> on input line 285.
LaTeX Font Info:    External font `lmex10' loaded for size
(Font)              <7> on input line 285.
LaTeX Font Info:    External font `lmex10' loaded for size
(Font)              <5> on input line 285.
LaTeX Font Info:    Font shape `JY1/mc/m/n' will be
(Font)              scaled to size 7.0pt on input line 285.
LaTeX Font Info:    Font shape `JY1/mc/m/n' will be
(Font)              scaled to size 5.0pt on input line 285.
LaTeX Font Info:    Font shape `JY1/gt/m/n' will be
(Font)              scaled to size 10.0pt on input line 285.
LaTeX Font Info:    Font shape `JY1/gt/m/n' will be
(Font)              scaled to size 7.0pt on input line 285.
LaTeX Font Info:    Font shape `JY1/gt/m/n' will be
(Font)              scaled to size 5.0pt on input line 285.
Package CIRC Info: `\put \P \_ \L \S ' restored on input line 294.
Package CIRC Info: `\put \P \_ \L \S ' redefined on input line 299.
Package CIRC Info: `\put \P \_ \L \S ' restored on input line 325.
Package CIRC Info: `\put \P \_ \L \S ' redefined on input line 329.
Package CIRC Info: `\put \P \_ \L \S ' restored on input line 363.
File: ~/Documents/GitHub/introInfo/ch3/images/figure4.4 Graphic file (type eps)
<~/Documents/GitHub/introInfo/ch3/images/figure4.4>


[31]
File: ~/Documents/GitHub/introInfo/ch3/images/figure4.5 Graphic file (type eps)
<~/Documents/GitHub/introInfo/ch3/images/figure4.5>


[32]
File: ~/Documents/GitHub/introInfo/ch3/images/figure4.6 Graphic file (type eps)
<~/Documents/GitHub/introInfo/ch3/images/figure4.6>
File: ~/Documents/GitHub/introInfo/ch3/images/figure4.7 Graphic file (type eps)
<~/Documents/GitHub/introInfo/ch3/images/figure4.7>
File: ~/Documents/GitHub/introInfo/ch3/images/figure4.8 Graphic file (type eps)
<~/Documents/GitHub/introInfo/ch3/images/figure4.8>


[33]
File: ~/Documents/GitHub/introInfo/ch3/images/figure4.9 Graphic file (type eps)
<~/Documents/GitHub/introInfo/ch3/images/figure4.9>
File: ~/Documents/GitHub/introInfo/ch3/images/figure4.10 Graphic file (type eps)
<~/Documents/GitHub/introInfo/ch3/images/figure4.10>
File: ~/Documents/GitHub/introInfo/ch3/images/figure4.11 Graphic file (type eps)
<~/Documents/GitHub/introInfo/ch3/images/figure4.11>
Package CIRC Info: `\put \P \_ \L \S ' redefined on input line 498.
Package CIRC Info: `\put \P \_ \L \S ' restored on input line 561.
File: ~/Documents/GitHub/introInfo/ch3/images/figure4.12 Graphic file (type eps)
<~/Documents/GitHub/introInfo/ch3/images/figure4.12>


[34]

[35]
File: ~/Documents/GitHub/introInfo/ch3/images/figure4.13 Graphic file (type eps)
<~/Documents/GitHub/introInfo/ch3/images/figure4.13>
File: ~/Documents/GitHub/introInfo/ch3/images/figure4.14 Graphic file (type eps)
<~/Documents/GitHub/introInfo/ch3/images/figure4.14>


[36]
File: ~/Documents/GitHub/introInfo/ch3/images/figure4.15 Graphic file (type eps)
<~/Documents/GitHub/introInfo/ch3/images/figure4.15>
File: ~/Documents/GitHub/introInfo/ch3/images/figure4.16 Graphic file (type eps)
<~/Documents/GitHub/introInfo/ch3/images/figure4.16>
File: ~/Documents/GitHub/introInfo/ch3/images/figure4.17 Graphic file (type eps)
<~/Documents/GitHub/introInfo/ch3/images/figure4.17>
File: ~/Documents/GitHub/introInfo/ch3/images/figure4.18 Graphic file (type eps)
<~/Documents/GitHub/introInfo/ch3/images/figure4.18>


[37]
File: ~/Documents/GitHub/introInfo/ch3/images/figure5.1 Graphic file (type eps)
<~/Documents/GitHub/introInfo/ch3/images/figure5.1>
File: ~/Documents/GitHub/introInfo/ch3/images/figure5.3 Graphic file (type eps)
<~/Documents/GitHub/introInfo/ch3/images/figure5.3>


[38]
File: ~/Documents/GitHub/introInfo/ch3/images/figure5.4 Graphic file (type eps)
<~/Documents/GitHub/introInfo/ch3/images/figure5.4>
File: ~/Documents/GitHub/introInfo/ch3/images/figure5.5 Graphic file (type eps)
<~/Documents/GitHub/introInfo/ch3/images/figure5.5>


[39]
File: ~/Documents/GitHub/introInfo/ch3/images/figure5.6 Graphic file (type eps)
<~/Documents/GitHub/introInfo/ch3/images/figure5.6>
File: ~/Documents/GitHub/introInfo/ch3/images/figure5.7 Graphic file (type eps)
<~/Documents/GitHub/introInfo/ch3/images/figure5.7>


[40]
File: ~/Documents/GitHub/introInfo/ch3/images/figure5.8 Graphic file (type eps)
<~/Documents/GitHub/introInfo/ch3/images/figure5.8>
File: ~/Documents/GitHub/introInfo/ch3/images/figure5.9 Graphic file (type eps)
<~/Documents/GitHub/introInfo/ch3/images/figure5.9>
File: ~/Documents/GitHub/introInfo/ch3/images/figure5.10 Graphic file (type eps)
<~/Documents/GitHub/introInfo/ch3/images/figure5.10>


[41]
File: ~/Documents/GitHub/introInfo/ch3/images/figure5.11 Graphic file (type eps)
<~/Documents/GitHub/introInfo/ch3/images/figure5.11>
File: ~/Documents/GitHub/introInfo/ch3/images/figure5.12 Graphic file (type eps)
<~/Documents/GitHub/introInfo/ch3/images/figure5.12>


[42]
File: ~/Documents/GitHub/introInfo/ch3/images/figure5.13 Graphic file (type eps)
<~/Documents/GitHub/introInfo/ch3/images/figure5.13>


[43]
File: ~/Documents/GitHub/introInfo/ch3/images/figure5.14 Graphic file (type eps)
<~/Documents/GitHub/introInfo/ch3/images/figure5.14>
)

[44]

[45]
\openout2 = `ch4/ch4.aux'.

 (./ch4/ch4.tex

[46




]
LaTeX Font Info:    Font shape `JT1/gt/m/n' will be
(Font)              scaled to size 13.2pt on input line 57.
LaTeX Font Info:    Font shape `JY1/gt/m/n' will be
(Font)              scaled to size 13.2pt on input line 57.
LaTeX Font Info:    Font shape `JT1/gt/bx/n' in size <13.2> not available
(Font)              Font shape `JT1/gt/m/n' tried instead on input line 57.
LaTeX Font Info:    Font shape `JT1/gt/m/n' will be
(Font)              scaled to size 13.2pt on input line 57.
LaTeX Font Info:    Font shape `JY1/gt/bx/n' in size <13.2> not available
(Font)              Font shape `JY1/gt/m/n' tried instead on input line 57.
LaTeX Font Info:    Font shape `JY1/gt/m/n' will be
(Font)              scaled to size 13.2pt on input line 57.


[47]

[48]
File: ~/Documents/GitHub/introInfo/ch4/images/macaddress.pdf Graphic file (type pdf)
<~/Documents/GitHub/introInfo/ch4/images/macaddress.pdf>
File: ~/Documents/GitHub/introInfo/ch4/images/hub.pdf Graphic file (type pdf)
<~/Documents/GitHub/introInfo/ch4/images/hub.pdf>


[49]
File: ~/Documents/GitHub/introInfo/ch4/images/figure6.1 Graphic file (type eps)
<~/Documents/GitHub/introInfo/ch4/images/figure6.1>
File: ~/Documents/GitHub/introInfo/ch4/images/figure6.6 Graphic file (type eps)
<~/Documents/GitHub/introInfo/ch4/images/figure6.6>


LaTeX Warning: `h' float specifier changed to `ht'.



[50]
File: ~/Documents/GitHub/introInfo/ch4/images/figure6.2 Graphic file (type eps)
<~/Documents/GitHub/introInfo/ch4/images/figure6.2>


[51]
File: ~/Documents/GitHub/introInfo/ch4/images/ipaddress.jpg Graphic file (type bmp)
<~/Documents/GitHub/introInfo/ch4/images/ipaddress.jpg>
File: ~/Documents/GitHub/introInfo/ch4/images/figure6.5 Graphic file (type eps)
<~/Documents/GitHub/introInfo/ch4/images/figure6.5>


[52]
File: ~/Documents/GitHub/introInfo/ch4/images/figure6.3 Graphic file (type eps)
<~/Documents/GitHub/introInfo/ch4/images/figure6.3>
File: ~/Documents/GitHub/introInfo/ch4/images/figure6.4 Graphic file (type eps)
<~/Documents/GitHub/introInfo/ch4/images/figure6.4>


[53]

[54]
File: ~/Documents/GitHub/introInfo/ch4/images/figure7.1 Graphic file (type eps)
<~/Documents/GitHub/introInfo/ch4/images/figure7.1>


[55]

[56]
File: ~/Documents/GitHub/introInfo/ch4/images/Screenshot4.png Graphic file (type bmp)
<~/Documents/GitHub/introInfo/ch4/images/Screenshot4.png>


[57]
File: ~/Documents/GitHub/introInfo/ch4/images/Screenshot2.png Graphic file (type bmp)
<~/Documents/GitHub/introInfo/ch4/images/Screenshot2.png>


[58]
File: ~/Documents/GitHub/introInfo/ch4/images/Screenshot3.png Graphic file (type bmp)
<~/Documents/GitHub/introInfo/ch4/images/Screenshot3.png>
File: ~/Documents/GitHub/introInfo/ch4/images/figure7.2 Graphic file (type eps)
<~/Documents/GitHub/introInfo/ch4/images/figure7.2>


[59]

[60]

[61]
File: ~/Documents/GitHub/introInfo/ch4/images/Screenshot1.png Graphic file (type bmp)
<~/Documents/GitHub/introInfo/ch4/images/Screenshot1.png>


[62])

[63]
\openout2 = `ch5/ch5.aux'.

 (./ch5/ch5.tex

[64




]
LaTeX Font Info:    Calculating math sizes for size <13.2> on input line 68.
LaTeX Font Info:    External font `lmex10' loaded for size
(Font)              <13.2> on input line 68.
LaTeX Font Info:    External font `lmex10' loaded for size
(Font)              <9.23994> on input line 68.
LaTeX Font Info:    External font `lmex10' loaded for size
(Font)              <6.59999> on input line 68.
LaTeX Font Info:    Font shape `JY1/mc/m/n' will be
(Font)              scaled to size 9.23994pt on input line 68.
LaTeX Font Info:    Font shape `JY1/mc/m/n' will be
(Font)              scaled to size 6.59999pt on input line 68.
LaTeX Font Info:    Font shape `JY1/gt/m/n' will be
(Font)              scaled to size 9.23994pt on input line 68.
LaTeX Font Info:    Font shape `JY1/gt/m/n' will be
(Font)              scaled to size 6.59999pt on input line 68.


LaTeX Font Warning: Font shape `U/lasy/m/n' in size <13.2> not available
(Font)              size <12> substituted on input line 68.


LaTeX Font Warning: Font shape `U/lasy/m/n' in size <6.59999> not available
(Font)              size <7> substituted on input line 68.


Package hyperref Warning: Token not allowed in a PDF string (Unicode):
(hyperref)                removing `math shift' on input line 68.


Package hyperref Warning: Token not allowed in a PDF string (Unicode):
(hyperref)                removing `\<let>-command' on input line 68.


Package hyperref Warning: Token not allowed in a PDF string (Unicode):
(hyperref)                removing `\DualLang@Mfontsw' on input line 68.


Package hyperref Warning: Token not allowed in a PDF string (Unicode):
(hyperref)                removing `math shift' on input line 68.



[65]

[66]

[67]

[68]

[69]

[70]

[71]
File: ~/Documents/GitHub/introInfo/ch5/images/figure8.1 Graphic file (type eps)
<~/Documents/GitHub/introInfo/ch5/images/figure8.1>


[72]
File: ~/Documents/GitHub/introInfo/ch5/images/figure8.2 Graphic file (type eps)
<~/Documents/GitHub/introInfo/ch5/images/figure8.2>
File: ~/Documents/GitHub/introInfo/ch5/images/figure8.3 Graphic file (type eps)
<~/Documents/GitHub/introInfo/ch5/images/figure8.3>


[73]
File: ~/Documents/GitHub/introInfo/ch5/images/certificate.png Graphic file (type bmp)
<~/Documents/GitHub/introInfo/ch5/images/certificate.png>


[74]

[75]

[76]

[77]

[78]

[79]
File: ~/Documents/GitHub/introInfo/ch5/images/figure9.1 Graphic file (type eps)
<~/Documents/GitHub/introInfo/ch5/images/figure9.1>
File: ~/Documents/GitHub/introInfo/ch5/images/figure9.2 Graphic file (type eps)
<~/Documents/GitHub/introInfo/ch5/images/figure9.2>


[80]

[81]

[82]

[83])

[84]
\openout2 = `ch6/ch6.aux'.

 (./ch6/ch6.tex
File: ~/Documents/GitHub/introInfo/ch6/images/figure.1 Graphic file (type eps)
<~/Documents/GitHub/introInfo/ch6/images/figure.1>


[85




]

[86]

[87]

[88]

[89])

[90]
\openout2 = `appa/appa.aux'.

 (./appa/appa.tex
File: ~/Documents/GitHub/introInfo/appa/images/ScreenCapture5.pdf Graphic file (type pdf)
<~/Documents/GitHub/introInfo/appa/images/ScreenCapture5.pdf>
File: ~/Documents/GitHub/introInfo/appa/images/factTrace.pdf Graphic file (type pdf)
<~/Documents/GitHub/introInfo/appa/images/factTrace.pdf>


[91




]
File: ~/Documents/GitHub/introInfo/appa/images/ScreenCapture1.pdf Graphic file (type pdf)
<~/Documents/GitHub/introInfo/appa/images/ScreenCapture1.pdf>
File: ~/Documents/GitHub/introInfo/appa/images/ScreenCapture2.pdf Graphic file (type pdf)
<~/Documents/GitHub/introInfo/appa/images/ScreenCapture2.pdf>
File: ~/Documents/GitHub/introInfo/appa/images/ScreenCapture8.pdf Graphic file (type pdf)
<~/Documents/GitHub/introInfo/appa/images/ScreenCapture8.pdf>
File: ~/Documents/GitHub/introInfo/appa/images/ScreenCapture3.pdf Graphic file (type pdf)
<~/Documents/GitHub/introInfo/appa/images/ScreenCapture3.pdf>
File: ~/Documents/GitHub/introInfo/appa/images/ScreenCapture6.pdf Graphic file (type pdf)
<~/Documents/GitHub/introInfo/appa/images/ScreenCapture6.pdf>


[92]
File: ~/Documents/GitHub/introInfo/appa/images/ScreenCapture7.pdf Graphic file (type pdf)
<~/Documents/GitHub/introInfo/appa/images/ScreenCapture7.pdf>


[93]

[94]

[95]
File: ~/Documents/GitHub/introInfo/appa/images/Fibonacci.pdf Graphic file (type pdf)
<~/Documents/GitHub/introInfo/appa/images/Fibonacci.pdf>
File: ~/Documents/GitHub/introInfo/appa/images/Pascal2.pdf Graphic file (type pdf)
<~/Documents/GitHub/introInfo/appa/images/Pascal2.pdf>


[96]

LaTeX Warning: Citation `DE' on page 97 undefined on input line 300.

File: ~/Documents/GitHub/introInfo/appa/images/excelAnalysis.pdf Graphic file (type pdf)
<~/Documents/GitHub/introInfo/appa/images/excelAnalysis.pdf>
File: ~/Documents/GitHub/introInfo/appa/images/graphD.pdf Graphic file (type pdf)
<~/Documents/GitHub/introInfo/appa/images/graphD.pdf>


[97]

[98]

[99]

[100])
\openout2 = `appb/appb.aux'.

 (./appb/appb.tex (I search kanjifont definition file: . . ) (I search font definition file: . . . . . . . . . )
LaTeX Font Info:    Trying to load font information for U+logo on input line 98.
 (/usr/local/texlive/2025/texmf-dist/tex/latex/mflogo/ulogo.fd
File: ulogo.fd 1999/03/10 v2.0 LaTeX font defs for Metafont and MetaPost logos
)
File: ~/Documents/GitHub/introInfo/appb/images/preferences.pdf Graphic file (type pdf)
<~/Documents/GitHub/introInfo/appb/images/preferences.pdf>


[101





]

[102]

[103]
File: ~/Documents/GitHub/introInfo/appb/images/ScreenCapture1.pdf Graphic file (type pdf)
<~/Documents/GitHub/introInfo/appb/images/ScreenCapture1.pdf>

Overfull \vbox (1.64423pt too high) has occurred while \output is active []



[104] <xymatrix 2x2 175>

[105

]
File: ~/Documents/GitHub/introInfo/appb/images/texhopMetapost.pdf Graphic file (type pdf)
<~/Documents/GitHub/introInfo/appb/images/texhopMetapost.pdf>
LaTeX Font Info:    Font shape `U/logo/bx/n' in size <9.89993> not available
(Font)              Font shape `U/logo/b/n' tried instead on input line 337.


[106]
File: ~/Documents/GitHub/introInfo/appb/images/figure.1 Graphic file (type eps)
<~/Documents/GitHub/introInfo/appb/images/figure.1>
File: ~/Documents/GitHub/introInfo/appb/images/figure.2 Graphic file (type eps)
<~/Documents/GitHub/introInfo/appb/images/figure.2>


[107]

[108]

[109]

[110]

[111]
\openout4 = `@main.mp'.

runsystem(r-mpost @main.mp)...executed safely (allowed).

 (./@main.sft)
<@main001.mps>
 (./@main.sav)

[112]

[113]
File: ~/Documents/GitHub/introInfo/appb/images/IntroToMarkdown.pdf Graphic file (type pdf)
<~/Documents/GitHub/introInfo/appb/images/IntroToMarkdown.pdf>
File: ~/Documents/GitHub/introInfo/appb/images/IntroToMarkdown1.pdf Graphic file (type pdf)
<~/Documents/GitHub/introInfo/appb/images/IntroToMarkdown1.pdf>
)

[114]

[115]

[116]
\openout2 = `appc/appc.aux'.

 (./appc/appc.tex
File: ~/Documents/GitHub/introInfo/appc/images/ScreenCapture3.pdf Graphic file (type pdf)
<~/Documents/GitHub/introInfo/appc/images/ScreenCapture3.pdf>


[117




]
File: ~/Documents/GitHub/introInfo/appc/images/ScreenCapture1.pdf Graphic file (type pdf)
<~/Documents/GitHub/introInfo/appc/images/ScreenCapture1.pdf>
File: ~/Documents/GitHub/introInfo/appc/images/ScreenCapture2.pdf Graphic file (type pdf)
<~/Documents/GitHub/introInfo/appc/images/ScreenCapture2.pdf>


[118]

[119]
File: ~/Documents/GitHub/introInfo/appc/images/ScreenCapture7.pdf Graphic file (type pdf)
<~/Documents/GitHub/introInfo/appc/images/ScreenCapture7.pdf>


[120]

[121]

[122]
File: ~/Documents/GitHub/introInfo/appc/images/figure1.2 Graphic file (type eps)
<~/Documents/GitHub/introInfo/appc/images/figure1.2>
File: ~/Documents/GitHub/introInfo/appc/images/figure1.1 Graphic file (type eps)
<~/Documents/GitHub/introInfo/appc/images/figure1.1>


[123]

[124]
File: ~/Documents/GitHub/introInfo/appc/images/figure1.3 Graphic file (type eps)
<~/Documents/GitHub/introInfo/appc/images/figure1.3>
File: ~/Documents/GitHub/introInfo/appc/images/ScreenCapture5.pdf Graphic file (type pdf)
<~/Documents/GitHub/introInfo/appc/images/ScreenCapture5.pdf>
File: ~/Documents/GitHub/introInfo/appc/images/ScreenCapture6.pdf Graphic file (type pdf)
<~/Documents/GitHub/introInfo/appc/images/ScreenCapture6.pdf>


[125]

[126]

[127]

[128])

[129]
\openout2 = `appd/appd.aux'.

 (./appd/appd.tex

[130




]

[131]

[132]

LaTeX Warning: `h' float specifier changed to `ht'.

)

[133]

[134]

[135]
\openout2 = `appe/appe.aux'.

 (./appe/appe.tex

[136




]
File: ~/Documents/GitHub/introInfo/appe/images/figure.1 Graphic file (type eps)
<~/Documents/GitHub/introInfo/appe/images/figure.1>


[137]

[138]

[139]
File: ~/Documents/GitHub/introInfo/appe/images/figure.2 Graphic file (type eps)
<~/Documents/GitHub/introInfo/appe/images/figure.2>
File: ~/Documents/GitHub/introInfo/appe/images/figure.3 Graphic file (type eps)
<~/Documents/GitHub/introInfo/appe/images/figure.3>


[140]

[141]

[142]
File: ~/Documents/GitHub/introInfo/appe/images/GitHub.pdf Graphic file (type pdf)
<~/Documents/GitHub/introInfo/appe/images/GitHub.pdf>


[143]

[144]
File: ~/Documents/GitHub/introInfo/appe/images/figure.4 Graphic file (type eps)
<~/Documents/GitHub/introInfo/appe/images/figure.4>


[145]

[146]
File: ~/Documents/GitHub/introInfo/appe/images/pagesTest.pdf Graphic file (type pdf)
<~/Documents/GitHub/introInfo/appe/images/pagesTest.pdf>


[147])

[148]

[149



]

[150]

[151] (./main.ind

[152]



[153

]



[154]) (./main.aux (./intro/intro.aux) (./ch1/ch1.aux) (./ch2/ch2.aux) (./ch3/ch3.aux) (./ch4/ch4.aux) (./ch5/ch5.aux) (./ch6/ch6.aux) (./appa/appa.aux) (./appb/appb.aux) (./appc/appc.aux) (./appd/appd.aux) (./appe/appe.aux))
 ***********
pLaTeX2e <2023-02-14>+1, based on
LaTeX2e <2024-11-01> patch level 2
L3 programming layer <2025-01-18>
 ***********


LaTeX Font Warning: Size substitutions with differences
(Font)              up to 1.2pt have occurred.


LaTeX Warning: There were undefined references.


LaTeX Warning: There were multiply-defined labels.

Package rerunfilecheck Info: File `main.out' has not changed.
(rerunfilecheck)             Checksum: ACCCB60B535A9C3F0C4AEC08BE9E628D;12693.
 ) 
Here is how much of TeX's memory you used:
 35520 strings out of 473836
 815055 string characters out of 5731189
 1088796 words of memory out of 5000000
 57970 multiletter control sequences out of 15000+600000
 742437 words of font info for 256 fonts, out of 8000000 for 9000
 929 hyphenation exceptions out of 8191
 100i,17n,105p,906b,1257s stack positions out of 10000i,1000n,20000p,200000b,200000s

Output written on main.dvi (162 pages, 598816 bytes).
